00:00 +0: loading C:/code/Flutter/practicas/flutter_games/echo_world/test/app/view/app_test.dart
00:00 +0 -1: loading C:/code/Flutter/practicas/flutter_games/echo_world/test/game/components/counter_component_test.dart [E]
  Failed to load "C:/code/Flutter/practicas/flutter_games/echo_world/test/game/components/counter_component_test.dart":
  Compilation failed for testPath=C:/code/Flutter/practicas/flutter_games/echo_world/test/game/components/counter_component_test.dart: /C:/Users/angua/AppData/Local/Temp/flutter_tools.4c931bbd/flutter_test_listener.d007e8fb/listener.dart:21:21: Error: Undefined name 'main'.
    await Future(test.main);
                      ^^^^
  .
00:00 +0 -2: loading C:/code/Flutter/practicas/flutter_games/echo_world/test/app/view/app_test.dart [E]
  Error: The Dart compiler exited unexpectedly.
  package:flutter_tools/src/base/common.dart 34:3  throwToolExit
  package:flutter_tools/src/compile.dart 910:11    DefaultResidentCompiler._compile.<fn>
  dart:async/zone.dart 1538:47                     _rootRunUnary
  dart:async/zone.dart 1429:19                     _CustomZone.runUnary
  dart:async/future_impl.dart 948:45               Future._propagateToListeners.handleValueCallback
  dart:async/future_impl.dart 977:13               Future._propagateToListeners
  dart:async/future_impl.dart 862:9                Future._propagateToListeners
  dart:async/future_impl.dart 720:5                Future._completeWithValue
  dart:async/future_impl.dart 804:7                Future._asyncCompleteWithValue.<fn>
  dart:async/zone.dart 1525:13                     _rootRun
  dart:async/zone.dart 1422:19                     _CustomZone.run
  dart:async/zone.dart 1321:7                      _CustomZone.runGuarded
  dart:async/zone.dart 1362:23                     _CustomZone.bindCallbackGuarded.<fn>
  dart:async/schedule_microtask.dart 40:35         _microtaskLoop
  dart:async/schedule_microtask.dart 49:5          _startMicrotaskLoop
  dart:isolate-patch/isolate_patch.dart 127:13     _runPendingImmediateCallback
  dart:isolate-patch/isolate_patch.dart 194:5      _RawReceivePort._handleMessage
  
00:00 +0 -2: C:/code/Flutter/practicas/flutter_games/echo_world/test/app/view/app_test.dart: App renders AppView
00:02 +1 -3: loading C:/code/Flutter/practicas/flutter_games/echo_world/test/game/entities/unicorn/behaviors/tapping_behavior_test.dart [E]
  Failed to load "C:/code/Flutter/practicas/flutter_games/echo_world/test/game/entities/unicorn/behaviors/tapping_behavior_test.dart":
  Compilation failed for testPath=C:/code/Flutter/practicas/flutter_games/echo_world/test/game/entities/unicorn/behaviors/tapping_behavior_test.dart: /C:/Users/angua/AppData/Local/Temp/flutter_tools.4c931bbd/flutter_test_listener.98b09024/listener.dart:21:21: Error: Undefined name 'main'.
    await Future(test.main);
                      ^^^^
  .
00:02 +1 -3: C:/code/Flutter/practicas/flutter_games/echo_world/test/game/cubit/audio_cubit_test.dart: AudioCubit can be instantiated
00:02 +2 -3: C:/code/Flutter/practicas/flutter_games/echo_world/test/game/cubit/audio_cubit_test.dart: AudioCubit toggleVolume mutes the volume when the volume is not 0
00:02 +3 -3: C:/code/Flutter/practicas/flutter_games/echo_world/test/game/cubit/audio_cubit_test.dart: AudioCubit toggleVolume unmutes the volume when the volume is 0
00:04 +4 -4: loading C:/code/Flutter/practicas/flutter_games/echo_world/test/game/entities/unicorn/unicorn_test.dart [E]
  Failed to load "C:/code/Flutter/practicas/flutter_games/echo_world/test/game/entities/unicorn/unicorn_test.dart":
  Compilation failed for testPath=C:/code/Flutter/practicas/flutter_games/echo_world/test/game/entities/unicorn/unicorn_test.dart: /C:/Users/angua/AppData/Local/Temp/flutter_tools.4c931bbd/flutter_test_listener.6533ae27/listener.dart:21:21: Error: Undefined name 'main'.
    await Future(test.main);
                      ^^^^
  .
00:08 +4 -4: C:/code/Flutter/practicas/flutter_games/echo_world/test/game/view/game_page_test.dart: (setUpAll)
00:08 +4 -4: C:/code/Flutter/practicas/flutter_games/echo_world/test/game/view/game_page_test.dart: GamePage (setUpAll)
00:08 +4 -4: C:/code/Flutter/practicas/flutter_games/echo_world/test/game/view/game_page_test.dart: GamePage is routable
00:08 +5 -4: C:/code/Flutter/practicas/flutter_games/echo_world/test/game/view/game_page_test.dart: GamePage is routable
00:08 +6 -4: C:/code/Flutter/practicas/flutter_games/echo_world/test/game/view/game_page_test.dart: GamePage is routable
00:08 +7 -4: C:/code/Flutter/practicas/flutter_games/echo_world/test/game/view/game_page_test.dart: GamePage is routable
00:08 +8 -4: C:/code/Flutter/practicas/flutter_games/echo_world/test/game/view/game_page_test.dart: GamePage is routable
00:08 +9 -4: C:/code/Flutter/practicas/flutter_games/echo_world/test/game/view/game_page_test.dart: GamePage is routable
00:08 +10 -4: C:/code/Flutter/practicas/flutter_games/echo_world/test/game/view/game_page_test.dart: GamePage is routable
══╡ EXCEPTION CAUGHT BY WIDGETS LIBRARY ╞═══════════════════════════════════════════════════════════
The following StorageNotFound was thrown building GameView(dirty, state: _GameViewState#d3025):
Storage was accessed before it was initialized.
Please ensure that storage has been initialized.

For example:

HydratedBloc.storage = await HydratedStorage.build();

When the exception was thrown, this was the stack:
#0      HydratedBloc.storage (package:hydrated_bloc/src/hydrated_bloc.dart:77:27)
#1      HydratedMixin.hydrate (package:hydrated_bloc/src/hydrated_bloc.dart:175:42)
#2      new HydratedBloc (package:hydrated_bloc/src/hydrated_bloc.dart:65:5)
#3      new CheckpointBloc (package:echo_world/game/cubit/checkpoint/checkpoint_bloc.dart:8:22)
#4      GamePage.build.<anonymous closure> (package:echo_world/game/view/game_page.dart:35:37)
#5      _CreateInheritedProviderState.value (package:provider/src/inherited_provider.dart:749:36)
#6      _InheritedProviderScopeElement.value (package:provider/src/inherited_provider.dart:603:33)
#7      Provider.of (package:provider/src/provider.dart:337:37)
#8      ReadContext.read (package:provider/src/provider.dart:683:21)
#9      GamePage.build.<anonymous closure> (package:echo_world/game/view/game_page.dart:38:37)
#10     _CreateInheritedProviderState.value (package:provider/src/inherited_provider.dart:749:36)
#11     _InheritedProviderScopeElement.value (package:provider/src/inherited_provider.dart:603:33)
#12     Provider.of (package:provider/src/provider.dart:337:37)
#13     ReadContext.read (package:provider/src/provider.dart:683:21)
#14     _GameViewState.build (package:echo_world/game/view/game_page.dart:79:29)
#15     StatefulElement.build (package:flutter/src/widgets/framework.dart:5833:27)
#16     ComponentElement.performRebuild (package:flutter/src/widgets/framework.dart:5723:15)
#17     StatefulElement.performRebuild (package:flutter/src/widgets/framework.dart:5884:11)
#18     Element.rebuild (package:flutter/src/widgets/framework.dart:5435:7)
#19     ComponentElement._firstBuild (package:flutter/src/widgets/framework.dart:5705:5)
#20     StatefulElement._firstBuild (package:flutter/src/widgets/framework.dart:5875:11)
#21     ComponentElement.mount (package:flutter/src/widgets/framework.dart:5699:5)
...     Normal element mounting (25 frames)
#46     Element.inflateWidget (package:flutter/src/widgets/framework.dart:4548:16)
#47     MultiChildRenderObjectElement.inflateWidget (package:flutter/src/widgets/framework.dart:7169:36)
#48     MultiChildRenderObjectElement.mount (package:flutter/src/widgets/framework.dart:7185:32)
...     Normal element mounting (111 frames)
#159    _InheritedProviderScopeElement.mount (package:provider/src/inherited_provider.dart:424:11)
...     Normal element mounting (7 frames)
#166    SingleChildWidgetElementMixin.mount (package:nested/nested.dart:222:11)
...     Normal element mounting (7 frames)
#173    SingleChildWidgetElementMixin.mount (package:nested/nested.dart:222:11)
...     Normal element mounting (7 frames)
#180    _NestedHookElement.mount (package:nested/nested.dart:187:11)
...     Normal element mounting (7 frames)
#187    _InheritedProviderScopeElement.mount (package:provider/src/inherited_provider.dart:424:11)
...     Normal element mounting (7 frames)
#194    SingleChildWidgetElementMixin.mount (package:nested/nested.dart:222:11)
...     Normal element mounting (7 frames)
#201    SingleChildWidgetElementMixin.mount (package:nested/nested.dart:222:11)
...     Normal element mounting (7 frames)
#208    _NestedHookElement.mount (package:nested/nested.dart:187:11)
...     Normal element mounting (7 frames)
#215    _InheritedProviderScopeElement.mount (package:provider/src/inherited_provider.dart:424:11)
...     Normal element mounting (7 frames)
#222    SingleChildWidgetElementMixin.mount (package:nested/nested.dart:222:11)
...     Normal element mounting (7 frames)
#229    SingleChildWidgetElementMixin.mount (package:nested/nested.dart:222:11)
...     Normal element mounting (7 frames)
#236    _NestedHookElement.mount (package:nested/nested.dart:187:11)
...     Normal element mounting (7 frames)
#243    SingleChildWidgetElementMixin.mount (package:nested/nested.dart:222:11)
...     Normal element mounting (234 frames)
#477    Element.inflateWidget (package:flutter/src/widgets/framework.dart:4548:16)
#478    MultiChildRenderObjectElement.inflateWidget (package:flutter/src/widgets/framework.dart:7169:36)
#479    Element.updateChild (package:flutter/src/widgets/framework.dart:4004:18)
#480    Element.updateChildren (package:flutter/src/widgets/framework.dart:4203:32)
#481    MultiChildRenderObjectElement.update (package:flutter/src/widgets/framework.dart:7202:17)
#482    Element.updateChild (package:flutter/src/widgets/framework.dart:3982:15)
#483    ComponentElement.performRebuild (package:flutter/src/widgets/framework.dart:5747:16)
#484    StatefulElement.performRebuild (package:flutter/src/widgets/framework.dart:5884:11)
#485    Element.rebuild (package:flutter/src/widgets/framework.dart:5435:7)
#486    StatefulElement.update (package:flutter/src/widgets/framework.dart:5909:5)
#487    Element.updateChild (package:flutter/src/widgets/framework.dart:3982:15)
#488    ComponentElement.performRebuild (package:flutter/src/widgets/framework.dart:5747:16)
#489    Element.rebuild (package:flutter/src/widgets/framework.dart:5435:7)
#490    ProxyElement.update (package:flutter/src/widgets/framework.dart:6051:5)
#491    Element.updateChild (package:flutter/src/widgets/framework.dart:3982:15)
#492    ComponentElement.performRebuild (package:flutter/src/widgets/framework.dart:5747:16)
#493    Element.rebuild (package:flutter/src/widgets/framework.dart:5435:7)
#494    ProxyElement.update (package:flutter/src/widgets/framework.dart:6051:5)
#495    _InheritedNotifierElement.update (package:flutter/src/widgets/inherited_notifier.dart:108:11)
#496    Element.updateChild (package:flutter/src/widgets/framework.dart:3982:15)
#497    ComponentElement.performRebuild (package:flutter/src/widgets/framework.dart:5747:16)
#498    StatefulElement.performRebuild (package:flutter/src/widgets/framework.dart:5884:11)
#499    Element.rebuild (package:flutter/src/widgets/framework.dart:5435:7)
#500    StatefulElement.update (package:flutter/src/widgets/framework.dart:5909:5)
#501    Element.updateChild (package:flutter/src/widgets/framework.dart:3982:15)
#502    ComponentElement.performRebuild (package:flutter/src/widgets/framework.dart:5747:16)
#503    Element.rebuild (package:flutter/src/widgets/framework.dart:5435:7)
#504    ProxyElement.update (package:flutter/src/widgets/framework.dart:6051:5)
#505    _InheritedNotifierElement.update (package:flutter/src/widgets/inherited_notifier.dart:108:11)
#506    Element.updateChild (package:flutter/src/widgets/framework.dart:3982:15)
#507    ComponentElement.performRebuild (package:flutter/src/widgets/framework.dart:5747:16)
#508    StatefulElement.performRebuild (package:flutter/src/widgets/framework.dart:5884:11)
#509    Element.rebuild (package:flutter/src/widgets/framework.dart:5435:7)
#510    StatefulElement.update (package:flutter/src/widgets/framework.dart:5909:5)
#511    Element.updateChild (package:flutter/src/widgets/framework.dart:3982:15)
#512    ComponentElement.performRebuild (package:flutter/src/widgets/framework.dart:5747:16)
#513    StatefulElement.performRebuild (package:flutter/src/widgets/framework.dart:5884:11)
#514    Element.rebuild (package:flutter/src/widgets/framework.dart:5435:7)
#515    StatefulElement.update (package:flutter/src/widgets/framework.dart:5909:5)
#516    Element.updateChild (package:flutter/src/widgets/framework.dart:3982:15)
#517    SingleChildRenderObjectElement.update (package:flutter/src/widgets/framework.dart:7025:14)
#518    Element.updateChild (package:flutter/src/widgets/framework.dart:3982:15)
#519    SingleChildRenderObjectElement.update (package:flutter/src/widgets/framework.dart:7025:14)
#520    Element.updateChild (package:flutter/src/widgets/framework.dart:3982:15)
#521    ComponentElement.performRebuild (package:flutter/src/widgets/framework.dart:5747:16)
#522    Element.rebuild (package:flutter/src/widgets/framework.dart:5435:7)
#523    ProxyElement.update (package:flutter/src/widgets/framework.dart:6051:5)
#524    Element.updateChild (package:flutter/src/widgets/framework.dart:3982:15)
#525    ComponentElement.performRebuild (package:flutter/src/widgets/framework.dart:5747:16)
#526    Element.rebuild (package:flutter/src/widgets/framework.dart:5435:7)
#527    ProxyElement.update (package:flutter/src/widgets/framework.dart:6051:5)
#528    Element.updateChild (package:flutter/src/widgets/framework.dart:3982:15)
#529    ComponentElement.performRebuild (package:flutter/src/widgets/framework.dart:5747:16)
#530    StatefulElement.performRebuild (package:flutter/src/widgets/framework.dart:5884:11)
#531    Element.rebuild (package:flutter/src/widgets/framework.dart:5435:7)
#532    BuildScope._tryRebuild (package:flutter/src/widgets/framework.dart:2695:15)
#533    BuildScope._flushDirtyElements (package:flutter/src/widgets/framework.dart:2752:11)
#534    BuildOwner.buildScope (package:flutter/src/widgets/framework.dart:3056:18)
#535    AutomatedTestWidgetsFlutterBinding.drawFrame (package:flutter_test/src/binding.dart:1506:19)
#536    RendererBinding._handlePersistentFrameCallback (package:flutter/src/rendering/binding.dart:495:5)
#537    SchedulerBinding._invokeFrameCallback (package:flutter/src/scheduler/binding.dart:1434:15)
#538    SchedulerBinding.handleDrawFrame (package:flutter/src/scheduler/binding.dart:1347:9)
#539    AutomatedTestWidgetsFlutterBinding.pump.<anonymous closure> (package:flutter_test/src/binding.dart:1335:9)
#542    TestAsyncUtils.guard (package:flutter_test/src/test_async_utils.dart:74:41)
#543    AutomatedTestWidgetsFlutterBinding.pump (package:flutter_test/src/binding.dart:1324:27)
#544    WidgetTester.pump.<anonymous closure> (package:flutter_test/src/widget_tester.dart:652:53)
#547    TestAsyncUtils.guard (package:flutter_test/src/test_async_utils.dart:74:41)
#548    WidgetTester.pump (package:flutter_test/src/widget_tester.dart:652:27)
#549    main.<anonymous closure>.<anonymous closure> (file:///C:/code/Flutter/practicas/flutter_games/echo_world/test/game/view/game_page_test.dart:91:20)
<asynchronous suspension>
#550    testWidgets.<anonymous closure>.<anonymous closure> (package:flutter_test/src/widget_tester.dart:192:15)
<asynchronous suspension>
#551    TestWidgetsFlutterBinding._runTestBody (package:flutter_test/src/binding.dart:1059:5)
<asynchronous suspension>
<asynchronous suspension>
(elided 5 frames from dart:async and package:stack_trace)

════════════════════════════════════════════════════════════════════════════════════════════════════
══╡ EXCEPTION CAUGHT BY WIDGETS LIBRARY ╞═══════════════════════════════════════════════════════════
The following _TypeError was thrown while finalizing the widget tree:
type 'Null' is not a subtype of type 'GameBloc' in type cast

When the exception was thrown, this was the stack:
#0      _CreateInheritedProviderState.dispose (package:provider/src/inherited_provider.dart:810:47)
#1      _InheritedProviderScopeElement.unmount (package:provider/src/inherited_provider.dart:572:20)
#2      _InactiveElements._unmount (package:flutter/src/widgets/framework.dart:2076:13)
#3      _InactiveElements._unmount.<anonymous closure> (package:flutter/src/widgets/framework.dart:2074:7)
#4      ComponentElement.visitChildren (package:flutter/src/widgets/framework.dart:5773:14)
#5      _InactiveElements._unmount (package:flutter/src/widgets/framework.dart:2072:13)
#6      _InactiveElements._unmount.<anonymous closure> (package:flutter/src/widgets/framework.dart:2074:7)
#7      ComponentElement.visitChildren (package:flutter/src/widgets/framework.dart:5773:14)
#8      _InactiveElements._unmount (package:flutter/src/widgets/framework.dart:2072:13)
#9      _InactiveElements._unmount.<anonymous closure> (package:flutter/src/widgets/framework.dart:2074:7)
#10     ComponentElement.visitChildren (package:flutter/src/widgets/framework.dart:5773:14)
#11     _InactiveElements._unmount (package:flutter/src/widgets/framework.dart:2072:13)
#12     _InactiveElements._unmount.<anonymous closure> (package:flutter/src/widgets/framework.dart:2074:7)
#13     ComponentElement.visitChildren (package:flutter/src/widgets/framework.dart:5773:14)
#14     _InactiveElements._unmount (package:flutter/src/widgets/framework.dart:2072:13)
#15     _InactiveElements._unmount.<anonymous closure> (package:flutter/src/widgets/framework.dart:2074:7)
#16     ComponentElement.visitChildren (package:flutter/src/widgets/framework.dart:5773:14)
#17     _InactiveElements._unmount (package:flutter/src/widgets/framework.dart:2072:13)
#18     _InactiveElements._unmount.<anonymous closure> (package:flutter/src/widgets/framework.dart:2074:7)
#19     ComponentElement.visitChildren (package:flutter/src/widgets/framework.dart:5773:14)
#20     _InactiveElements._unmount (package:flutter/src/widgets/framework.dart:2072:13)
#21     _InactiveElements._unmount.<anonymous closure> (package:flutter/src/widgets/framework.dart:2074:7)
#22     ComponentElement.visitChildren (package:flutter/src/widgets/framework.dart:5773:14)
#23     _InactiveElements._unmount (package:flutter/src/widgets/framework.dart:2072:13)
#24     _InactiveElements._unmount.<anonymous closure> (package:flutter/src/widgets/framework.dart:2074:7)
#25     ComponentElement.visitChildren (package:flutter/src/widgets/framework.dart:5773:14)
#26     _InactiveElements._unmount (package:flutter/src/widgets/framework.dart:2072:13)
#27     _InactiveElements._unmount.<anonymous closure> (package:flutter/src/widgets/framework.dart:2074:7)
#28     ComponentElement.visitChildren (package:flutter/src/widgets/framework.dart:5773:14)
#29     _InactiveElements._unmount (package:flutter/src/widgets/framework.dart:2072:13)
#30     _InactiveElements._unmount.<anonymous closure> (package:flutter/src/widgets/framework.dart:2074:7)
#31     ComponentElement.visitChildren (package:flutter/src/widgets/framework.dart:5773:14)
#32     _InactiveElements._unmount (package:flutter/src/widgets/framework.dart:2072:13)
#33     _InactiveElements._unmount.<anonymous closure> (package:flutter/src/widgets/framework.dart:2074:7)
#34     ComponentElement.visitChildren (package:flutter/src/widgets/framework.dart:5773:14)
#35     _InactiveElements._unmount (package:flutter/src/widgets/framework.dart:2072:13)
#36     _InactiveElements._unmount.<anonymous closure> (package:flutter/src/widgets/framework.dart:2074:7)
#37     ComponentElement.visitChildren (package:flutter/src/widgets/framework.dart:5773:14)
#38     _InactiveElements._unmount (package:flutter/src/widgets/framework.dart:2072:13)
#39     _InactiveElements._unmount.<anonymous closure> (package:flutter/src/widgets/framework.dart:2074:7)
#40     ComponentElement.visitChildren (package:flutter/src/widgets/framework.dart:5773:14)
#41     _InactiveElements._unmount (package:flutter/src/widgets/framework.dart:2072:13)
#42     _InactiveElements._unmount.<anonymous closure> (package:flutter/src/widgets/framework.dart:2074:7)
#43     SingleChildRenderObjectElement.visitChildren (package:flutter/src/widgets/framework.dart:7004:14)
#44     _InactiveElements._unmount (package:flutter/src/widgets/framework.dart:2072:13)
#45     _InactiveElements._unmount.<anonymous closure> (package:flutter/src/widgets/framework.dart:2074:7)
#46     ComponentElement.visitChildren (package:flutter/src/widgets/framework.dart:5773:14)
#47     _InactiveElements._unmount (package:flutter/src/widgets/framework.dart:2072:13)
#48     _InactiveElements._unmount.<anonymous closure> (package:flutter/src/widgets/framework.dart:2074:7)
#49     SingleChildRenderObjectElement.visitChildren (package:flutter/src/widgets/framework.dart:7004:14)
#50     _InactiveElements._unmount (package:flutter/src/widgets/framework.dart:2072:13)
#51     _InactiveElements._unmount.<anonymous closure> (package:flutter/src/widgets/framework.dart:2074:7)
#52     SingleChildRenderObjectElement.visitChildren (package:flutter/src/widgets/framework.dart:7004:14)
#53     _InactiveElements._unmount (package:flutter/src/widgets/framework.dart:2072:13)
#54     _InactiveElements._unmount.<anonymous closure> (package:flutter/src/widgets/framework.dart:2074:7)
#55     ComponentElement.visitChildren (package:flutter/src/widgets/framework.dart:5773:14)
#56     _InactiveElements._unmount (package:flutter/src/widgets/framework.dart:2072:13)
#57     _InactiveElements._unmount.<anonymous closure> (package:flutter/src/widgets/framework.dart:2074:7)
#58     SingleChildRenderObjectElement.visitChildren (package:flutter/src/widgets/framework.dart:7004:14)
#59     _InactiveElements._unmount (package:flutter/src/widgets/framework.dart:2072:13)
#60     _InactiveElements._unmount.<anonymous closure> (package:flutter/src/widgets/framework.dart:2074:7)
#61     ComponentElement.visitChildren (package:flutter/src/widgets/framework.dart:5773:14)
#62     _InactiveElements._unmount (package:flutter/src/widgets/framework.dart:2072:13)
#63     _InactiveElements._unmount.<anonymous closure> (package:flutter/src/widgets/framework.dart:2074:7)
#64     SingleChildRenderObjectElement.visitChildren (package:flutter/src/widgets/framework.dart:7004:14)
#65     _InactiveElements._unmount (package:flutter/src/widgets/framework.dart:2072:13)
#66     _InactiveElements._unmount.<anonymous closure> (package:flutter/src/widgets/framework.dart:2074:7)
#67     ComponentElement.visitChildren (package:flutter/src/widgets/framework.dart:5773:14)
#68     _InactiveElements._unmount (package:flutter/src/widgets/framework.dart:2072:13)
#69     _InactiveElements._unmount.<anonymous closure> (package:flutter/src/widgets/framework.dart:2074:7)
#70     ComponentElement.visitChildren (package:flutter/src/widgets/framework.dart:5773:14)
#71     _InactiveElements._unmount (package:flutter/src/widgets/framework.dart:2072:13)
#72     _InactiveElements._unmount.<anonymous closure> (package:flutter/src/widgets/framework.dart:2074:7)
#73     SingleChildRenderObjectElement.visitChildren (package:flutter/src/widgets/framework.dart:7004:14)
#74     _InactiveElements._unmount (package:flutter/src/widgets/framework.dart:2072:13)
#75     _InactiveElements._unmount.<anonymous closure> (package:flutter/src/widgets/framework.dart:2074:7)
#76     ComponentElement.visitChildren (package:flutter/src/widgets/framework.dart:5773:14)
#77     _InactiveElements._unmount (package:flutter/src/widgets/framework.dart:2072:13)
#78     _InactiveElements._unmount.<anonymous closure> (package:flutter/src/widgets/framework.dart:2074:7)
#79     SingleChildRenderObjectElement.visitChildren (package:flutter/src/widgets/framework.dart:7004:14)
#80     _InactiveElements._unmount (package:flutter/src/widgets/framework.dart:2072:13)
#81     _InactiveElements._unmount.<anonymous closure> (package:flutter/src/widgets/framework.dart:2074:7)
#82     ComponentElement.visitChildren (package:flutter/src/widgets/framework.dart:5773:14)
#83     _InactiveElements._unmount (package:flutter/src/widgets/framework.dart:2072:13)
#84     _InactiveElements._unmount.<anonymous closure> (package:flutter/src/widgets/framework.dart:2074:7)
#85     ComponentElement.visitChildren (package:flutter/src/widgets/framework.dart:5773:14)
#86     _InactiveElements._unmount (package:flutter/src/widgets/framework.dart:2072:13)
#87     _InactiveElements._unmount.<anonymous closure> (package:flutter/src/widgets/framework.dart:2074:7)
#88     ComponentElement.visitChildren (package:flutter/src/widgets/framework.dart:5773:14)
#89     _InactiveElements._unmount (package:flutter/src/widgets/framework.dart:2072:13)
#90     _InactiveElements._unmount.<anonymous closure> (package:flutter/src/widgets/framework.dart:2074:7)
#91     ComponentElement.visitChildren (package:flutter/src/widgets/framework.dart:5773:14)
#92     _InactiveElements._unmount (package:flutter/src/widgets/framework.dart:2072:13)
#93     _InactiveElements._unmount.<anonymous closure> (package:flutter/src/widgets/framework.dart:2074:7)
#94     ComponentElement.visitChildren (package:flutter/src/widgets/framework.dart:5773:14)
#95     _InactiveElements._unmount (package:flutter/src/widgets/framework.dart:2072:13)
#96     _InactiveElements._unmount.<anonymous closure> (package:flutter/src/widgets/framework.dart:2074:7)
#97     SingleChildRenderObjectElement.visitChildren (package:flutter/src/widgets/framework.dart:7004:14)
#98     _InactiveElements._unmount (package:flutter/src/widgets/framework.dart:2072:13)
#99     _InactiveElements._unmount.<anonymous closure> (package:flutter/src/widgets/framework.dart:2074:7)
#100    ComponentElement.visitChildren (package:flutter/src/widgets/framework.dart:5773:14)
#101    _InactiveElements._unmount (package:flutter/src/widgets/framework.dart:2072:13)
#102    _InactiveElements._unmount.<anonymous closure> (package:flutter/src/widgets/framework.dart:2074:7)
#103    SingleChildRenderObjectElement.visitChildren (package:flutter/src/widgets/framework.dart:7004:14)
#104    _InactiveElements._unmount (package:flutter/src/widgets/framework.dart:2072:13)
#105    _InactiveElements._unmount.<anonymous closure> (package:flutter/src/widgets/framework.dart:2074:7)
#106    ComponentElement.visitChildren (package:flutter/src/widgets/framework.dart:5773:14)
#107    _InactiveElements._unmount (package:flutter/src/widgets/framework.dart:2072:13)
#108    _InactiveElements._unmount.<anonymous closure> (package:flutter/src/widgets/framework.dart:2074:7)
#109    ComponentElement.visitChildren (package:flutter/src/widgets/framework.dart:5773:14)
#110    _InactiveElements._unmount (package:flutter/src/widgets/framework.dart:2072:13)
#111    _InactiveElements._unmount.<anonymous closure> (package:flutter/src/widgets/framework.dart:2074:7)
#112    ComponentElement.visitChildren (package:flutter/src/widgets/framework.dart:5773:14)
#113    _InactiveElements._unmount (package:flutter/src/widgets/framework.dart:2072:13)
#114    _InactiveElements._unmount.<anonymous closure> (package:flutter/src/widgets/framework.dart:2074:7)
#115    ComponentElement.visitChildren (package:flutter/src/widgets/framework.dart:5773:14)
#116    _InactiveElements._unmount (package:flutter/src/widgets/framework.dart:2072:13)
#117    _InactiveElements._unmount.<anonymous closure> (package:flutter/src/widgets/framework.dart:2074:7)
#118    ComponentElement.visitChildren (package:flutter/src/widgets/framework.dart:5773:14)
#119    _InactiveElements._unmount (package:flutter/src/widgets/framework.dart:2072:13)
#120    _InactiveElements._unmount.<anonymous closure> (package:flutter/src/widgets/framework.dart:2074:7)
#121    ComponentElement.visitChildren (package:flutter/src/widgets/framework.dart:5773:14)
#122    _InactiveElements._unmount (package:flutter/src/widgets/framework.dart:2072:13)
#123    _InactiveElements._unmount.<anonymous closure> (package:flutter/src/widgets/framework.dart:2074:7)
#124    SingleChildRenderObjectElement.visitChildren (package:flutter/src/widgets/framework.dart:7004:14)
#125    _InactiveElements._unmount (package:flutter/src/widgets/framework.dart:2072:13)
#126    _InactiveElements._unmount.<anonymous closure> (package:flutter/src/widgets/framework.dart:2074:7)
#127    ComponentElement.visitChildren (package:flutter/src/widgets/framework.dart:5773:14)
#128    _InactiveElements._unmount (package:flutter/src/widgets/framework.dart:2072:13)
#129    _InactiveElements._unmount.<anonymous closure> (package:flutter/src/widgets/framework.dart:2074:7)
#130    ComponentElement.visitChildren (package:flutter/src/widgets/framework.dart:5773:14)
#131    _InactiveElements._unmount (package:flutter/src/widgets/framework.dart:2072:13)
#132    _InactiveElements._unmount.<anonymous closure> (package:flutter/src/widgets/framework.dart:2074:7)
#133    ComponentElement.visitChildren (package:flutter/src/widgets/framework.dart:5773:14)
#134    _InactiveElements._unmount (package:flutter/src/widgets/framework.dart:2072:13)
#135    _InactiveElements._unmount.<anonymous closure> (package:flutter/src/widgets/framework.dart:2074:7)
#136    ComponentElement.visitChildren (package:flutter/src/widgets/framework.dart:5773:14)
#137    _InactiveElements._unmount (package:flutter/src/widgets/framework.dart:2072:13)
#138    _InactiveElements._unmount.<anonymous closure> (package:flutter/src/widgets/framework.dart:2074:7)
#139    ComponentElement.visitChildren (package:flutter/src/widgets/framework.dart:5773:14)
#140    _InactiveElements._unmount (package:flutter/src/widgets/framework.dart:2072:13)
#141    _InactiveElements._unmount.<anonymous closure> (package:flutter/src/widgets/framework.dart:2074:7)
#142    SingleChildRenderObjectElement.visitChildren (package:flutter/src/widgets/framework.dart:7004:14)
#143    _InactiveElements._unmount (package:flutter/src/widgets/framework.dart:2072:13)
#144    _InactiveElements._unmount.<anonymous closure> (package:flutter/src/widgets/framework.dart:2074:7)
#145    ComponentElement.visitChildren (package:flutter/src/widgets/framework.dart:5773:14)
#146    _InactiveElements._unmount (package:flutter/src/widgets/framework.dart:2072:13)
#147    _InactiveElements._unmount.<anonymous closure> (package:flutter/src/widgets/framework.dart:2074:7)
#148    ComponentElement.visitChildren (package:flutter/src/widgets/framework.dart:5773:14)
#149    _InactiveElements._unmount (package:flutter/src/widgets/framework.dart:2072:13)
#150    _InactiveElements._unmount.<anonymous closure> (package:flutter/src/widgets/framework.dart:2074:7)
#151    ComponentElement.visitChildren (package:flutter/src/widgets/framework.dart:5773:14)
#152    _InactiveElements._unmount (package:flutter/src/widgets/framework.dart:2072:13)
#153    _InactiveElements._unmount.<anonymous closure> (package:flutter/src/widgets/framework.dart:2074:7)
#154    ComponentElement.visitChildren (package:flutter/src/widgets/framework.dart:5773:14)
#155    _InactiveElements._unmount (package:flutter/src/widgets/framework.dart:2072:13)
#156    _InactiveElements._unmount.<anonymous closure> (package:flutter/src/widgets/framework.dart:2074:7)
#157    MultiChildRenderObjectElement.visitChildren (package:flutter/src/widgets/framework.dart:7128:16)
#158    _InactiveElements._unmount (package:flutter/src/widgets/framework.dart:2072:13)
#159    _InactiveElements._unmount.<anonymous closure> (package:flutter/src/widgets/framework.dart:2074:7)
#160    ComponentElement.visitChildren (package:flutter/src/widgets/framework.dart:5773:14)
#161    _InactiveElements._unmount (package:flutter/src/widgets/framework.dart:2072:13)
#162    _InactiveElements._unmount.<anonymous closure> (package:flutter/src/widgets/framework.dart:2074:7)
#163    ComponentElement.visitChildren (package:flutter/src/widgets/framework.dart:5773:14)
#164    _InactiveElements._unmount (package:flutter/src/widgets/framework.dart:2072:13)
#165    _InactiveElements._unmount.<anonymous closure> (package:flutter/src/widgets/framework.dart:2074:7)
#166    ComponentElement.visitChildren (package:flutter/src/widgets/framework.dart:5773:14)
#167    _InactiveElements._unmount (package:flutter/src/widgets/framework.dart:2072:13)
#168    _InactiveElements._unmount.<anonymous closure> (package:flutter/src/widgets/framework.dart:2074:7)
#169    ComponentElement.visitChildren (package:flutter/src/widgets/framework.dart:5773:14)
#170    _InactiveElements._unmount (package:flutter/src/widgets/framework.dart:2072:13)
#171    _InactiveElements._unmount.<anonymous closure> (package:flutter/src/widgets/framework.dart:2074:7)
#172    ComponentElement.visitChildren (package:flutter/src/widgets/framework.dart:5773:14)
#173    _InactiveElements._unmount (package:flutter/src/widgets/framework.dart:2072:13)
#174    _InactiveElements._unmount.<anonymous closure> (package:flutter/src/widgets/framework.dart:2074:7)
#175    ComponentElement.visitChildren (package:flutter/src/widgets/framework.dart:5773:14)
#176    _InactiveElements._unmount (package:flutter/src/widgets/framework.dart:2072:13)
#177    _InactiveElements._unmount.<anonymous closure> (package:flutter/src/widgets/framework.dart:2074:7)
#178    ComponentElement.visitChildren (package:flutter/src/widgets/framework.dart:5773:14)
#179    _InactiveElements._unmount (package:flutter/src/widgets/framework.dart:2072:13)
#180    _InactiveElements._unmount.<anonymous closure> (package:flutter/src/widgets/framework.dart:2074:7)
#181    SingleChildRenderObjectElement.visitChildren (package:flutter/src/widgets/framework.dart:7004:14)
#182    _InactiveElements._unmount (package:flutter/src/widgets/framework.dart:2072:13)
#183    _InactiveElements._unmount.<anonymous closure> (package:flutter/src/widgets/framework.dart:2074:7)
#184    SingleChildRenderObjectElement.visitChildren (package:flutter/src/widgets/framework.dart:7004:14)
#185    _InactiveElements._unmount (package:flutter/src/widgets/framework.dart:2072:13)
#186    _InactiveElements._unmount.<anonymous closure> (package:flutter/src/widgets/framework.dart:2074:7)
#187    ComponentElement.visitChildren (package:flutter/src/widgets/framework.dart:5773:14)
#188    _InactiveElements._unmount (package:flutter/src/widgets/framework.dart:2072:13)
#189    _InactiveElements._unmount.<anonymous closure> (package:flutter/src/widgets/framework.dart:2074:7)
#190    ComponentElement.visitChildren (package:flutter/src/widgets/framework.dart:5773:14)
#191    _InactiveElements._unmount (package:flutter/src/widgets/framework.dart:2072:13)
#192    _InactiveElements._unmount.<anonymous closure> (package:flutter/src/widgets/framework.dart:2074:7)
#193    ComponentElement.visitChildren (package:flutter/src/widgets/framework.dart:5773:14)
#194    _InactiveElements._unmount (package:flutter/src/widgets/framework.dart:2072:13)
#195    _InactiveElements._unmount.<anonymous closure> (package:flutter/src/widgets/framework.dart:2074:7)
#196    ComponentElement.visitChildren (package:flutter/src/widgets/framework.dart:5773:14)
#197    _InactiveElements._unmount (package:flutter/src/widgets/framework.dart:2072:13)
#198    _InactiveElements._unmount.<anonymous closure> (package:flutter/src/widgets/framework.dart:2074:7)
#199    SingleChildRenderObjectElement.visitChildren (package:flutter/src/widgets/framework.dart:7004:14)
#200    _InactiveElements._unmount (package:flutter/src/widgets/framework.dart:2072:13)
#201    _InactiveElements._unmount.<anonymous closure> (package:flutter/src/widgets/framework.dart:2074:7)
#202    ComponentElement.visitChildren (package:flutter/src/widgets/framework.dart:5773:14)
#203    _InactiveElements._unmount (package:flutter/src/widgets/framework.dart:2072:13)
#204    _InactiveElements._unmount.<anonymous closure> (package:flutter/src/widgets/framework.dart:2074:7)
#205    ComponentElement.visitChildren (package:flutter/src/widgets/framework.dart:5773:14)
#206    _InactiveElements._unmount (package:flutter/src/widgets/framework.dart:2072:13)
#207    _InactiveElements._unmount.<anonymous closure> (package:flutter/src/widgets/framework.dart:2074:7)
#208    ComponentElement.visitChildren (package:flutter/src/widgets/framework.dart:5773:14)
#209    _InactiveElements._unmount (package:flutter/src/widgets/framework.dart:2072:13)
#210    _InactiveElements._unmount.<anonymous closure> (package:flutter/src/widgets/framework.dart:2074:7)
#211    ComponentElement.visitChildren (package:flutter/src/widgets/framework.dart:5773:14)
#212    _InactiveElements._unmount (package:flutter/src/widgets/framework.dart:2072:13)
#213    _InactiveElements._unmount.<anonymous closure> (package:flutter/src/widgets/framework.dart:2074:7)
#214    ComponentElement.visitChildren (package:flutter/src/widgets/framework.dart:5773:14)
#215    _InactiveElements._unmount (package:flutter/src/widgets/framework.dart:2072:13)
#216    _InactiveElements._unmount.<anonymous closure> (package:flutter/src/widgets/framework.dart:2074:7)
#217    ComponentElement.visitChildren (package:flutter/src/widgets/framework.dart:5773:14)
#218    _InactiveElements._unmount (package:flutter/src/widgets/framework.dart:2072:13)
#219    _InactiveElements._unmount.<anonymous closure> (package:flutter/src/widgets/framework.dart:2074:7)
#220    ComponentElement.visitChildren (package:flutter/src/widgets/framework.dart:5773:14)
#221    _InactiveElements._unmount (package:flutter/src/widgets/framework.dart:2072:13)
#222    _InactiveElements._unmount.<anonymous closure> (package:flutter/src/widgets/framework.dart:2074:7)
#223    ComponentElement.visitChildren (package:flutter/src/widgets/framework.dart:5773:14)
#224    _InactiveElements._unmount (package:flutter/src/widgets/framework.dart:2072:13)
#225    _InactiveElements._unmount.<anonymous closure> (package:flutter/src/widgets/framework.dart:2074:7)
#226    ComponentElement.visitChildren (package:flutter/src/widgets/framework.dart:5773:14)
#227    _InactiveElements._unmount (package:flutter/src/widgets/framework.dart:2072:13)
#228    _InactiveElements._unmount.<anonymous closure> (package:flutter/src/widgets/framework.dart:2074:7)
#229    ComponentElement.visitChildren (package:flutter/src/widgets/framework.dart:5773:14)
#230    _InactiveElements._unmount (package:flutter/src/widgets/framework.dart:2072:13)
#231    _InactiveElements._unmount.<anonymous closure> (package:flutter/src/widgets/framework.dart:2074:7)
#232    ComponentElement.visitChildren (package:flutter/src/widgets/framework.dart:5773:14)
#233    _InactiveElements._unmount (package:flutter/src/widgets/framework.dart:2072:13)
#234    _InactiveElements._unmount.<anonymous closure> (package:flutter/src/widgets/framework.dart:2074:7)
#235    ComponentElement.visitChildren (package:flutter/src/widgets/framework.dart:5773:14)
#236    _InactiveElements._unmount (package:flutter/src/widgets/framework.dart:2072:13)
#237    _InactiveElements._unmount.<anonymous closure> (package:flutter/src/widgets/framework.dart:2074:7)
#238    ComponentElement.visitChildren (package:flutter/src/widgets/framework.dart:5773:14)
#239    _InactiveElements._unmount (package:flutter/src/widgets/framework.dart:2072:13)
#240    _InactiveElements._unmount.<anonymous closure> (package:flutter/src/widgets/framework.dart:2074:7)
#241    ComponentElement.visitChildren (package:flutter/src/widgets/framework.dart:5773:14)
#242    _InactiveElements._unmount (package:flutter/src/widgets/framework.dart:2072:13)
#243    _InactiveElements._unmount.<anonymous closure> (package:flutter/src/widgets/framework.dart:2074:7)
#244    ComponentElement.visitChildren (package:flutter/src/widgets/framework.dart:5773:14)
#245    _InactiveElements._unmount (package:flutter/src/widgets/framework.dart:2072:13)
#246    _InactiveElements._unmount.<anonymous closure> (package:flutter/src/widgets/framework.dart:2074:7)
#247    SingleChildRenderObjectElement.visitChildren (package:flutter/src/widgets/framework.dart:7004:14)
#248    _InactiveElements._unmount (package:flutter/src/widgets/framework.dart:2072:13)
#249    _InactiveElements._unmount.<anonymous closure> (package:flutter/src/widgets/framework.dart:2074:7)
#250    ComponentElement.visitChildren (package:flutter/src/widgets/framework.dart:5773:14)
#251    _InactiveElements._unmount (package:flutter/src/widgets/framework.dart:2072:13)
#252    _InactiveElements._unmount.<anonymous closure> (package:flutter/src/widgets/framework.dart:2074:7)
#253    ComponentElement.visitChildren (package:flutter/src/widgets/framework.dart:5773:14)
#254    _InactiveElements._unmount (package:flutter/src/widgets/framework.dart:2072:13)
#255    _InactiveElements._unmount.<anonymous closure> (package:flutter/src/widgets/framework.dart:2074:7)
#256    ComponentElement.visitChildren (package:flutter/src/widgets/framework.dart:5773:14)
#257    _InactiveElements._unmount (package:flutter/src/widgets/framework.dart:2072:13)
#258    _InactiveElements._unmount.<anonymous closure> (package:flutter/src/widgets/framework.dart:2074:7)
#259    ComponentElement.visitChildren (package:flutter/src/widgets/framework.dart:5773:14)
#260    _InactiveElements._unmount (package:flutter/src/widgets/framework.dart:2072:13)
#261    _InactiveElements._unmount.<anonymous closure> (package:flutter/src/widgets/framework.dart:2074:7)
#262    ComponentElement.visitChildren (package:flutter/src/widgets/framework.dart:5773:14)
#263    _InactiveElements._unmount (package:flutter/src/widgets/framework.dart:2072:13)
#264    _InactiveElements._unmount.<anonymous closure> (package:flutter/src/widgets/framework.dart:2074:7)
#265    SingleChildRenderObjectElement.visitChildren (package:flutter/src/widgets/framework.dart:7004:14)
#266    _InactiveElements._unmount (package:flutter/src/widgets/framework.dart:2072:13)
#267    _InactiveElements._unmount.<anonymous closure> (package:flutter/src/widgets/framework.dart:2074:7)
#268    ComponentElement.visitChildren (package:flutter/src/widgets/framework.dart:5773:14)
#269    _InactiveElements._unmount (package:flutter/src/widgets/framework.dart:2072:13)
#270    _InactiveElements._unmount.<anonymous closure> (package:flutter/src/widgets/framework.dart:2074:7)
#271    ComponentElement.visitChildren (package:flutter/src/widgets/framework.dart:5773:14)
#272    _InactiveElements._unmount (package:flutter/src/widgets/framework.dart:2072:13)
#273    _InactiveElements._unmount.<anonymous closure> (package:flutter/src/widgets/framework.dart:2074:7)
#274    SingleChildRenderObjectElement.visitChildren (package:flutter/src/widgets/framework.dart:7004:14)
#275    _InactiveElements._unmount (package:flutter/src/widgets/framework.dart:2072:13)
#276    _InactiveElements._unmount.<anonymous closure> (package:flutter/src/widgets/framework.dart:2074:7)
#277    ComponentElement.visitChildren (package:flutter/src/widgets/framework.dart:5773:14)
#278    _InactiveElements._unmount (package:flutter/src/widgets/framework.dart:2072:13)
#279    _InactiveElements._unmount.<anonymous closure> (package:flutter/src/widgets/framework.dart:2074:7)
#280    ComponentElement.visitChildren (package:flutter/src/widgets/framework.dart:5773:14)
#281    _InactiveElements._unmount (package:flutter/src/widgets/framework.dart:2072:13)
#282    _InactiveElements._unmount.<anonymous closure> (package:flutter/src/widgets/framework.dart:2074:7)
#283    ComponentElement.visitChildren (package:flutter/src/widgets/framework.dart:5773:14)
#284    _InactiveElements._unmount (package:flutter/src/widgets/framework.dart:2072:13)
#285    _InactiveElements._unmount.<anonymous closure> (package:flutter/src/widgets/framework.dart:2074:7)
#286    ComponentElement.visitChildren (package:flutter/src/widgets/framework.dart:5773:14)
#287    _InactiveElements._unmount (package:flutter/src/widgets/framework.dart:2072:13)
#288    _InactiveElements._unmount.<anonymous closure> (package:flutter/src/widgets/framework.dart:2074:7)
#289    ComponentElement.visitChildren (package:flutter/src/widgets/framework.dart:5773:14)
#290    _InactiveElements._unmount (package:flutter/src/widgets/framework.dart:2072:13)
#291    _InactiveElements._unmount.<anonymous closure> (package:flutter/src/widgets/framework.dart:2074:7)
#292    SingleChildRenderObjectElement.visitChildren (package:flutter/src/widgets/framework.dart:7004:14)
#293    _InactiveElements._unmount (package:flutter/src/widgets/framework.dart:2072:13)
#294    _InactiveElements._unmount.<anonymous closure> (package:flutter/src/widgets/framework.dart:2074:7)
#295    ComponentElement.visitChildren (package:flutter/src/widgets/framework.dart:5773:14)
#296    _InactiveElements._unmount (package:flutter/src/widgets/framework.dart:2072:13)
#297    _InactiveElements._unmount.<anonymous closure> (package:flutter/src/widgets/framework.dart:2074:7)
#298    ComponentElement.visitChildren (package:flutter/src/widgets/framework.dart:5773:14)
#299    _InactiveElements._unmount (package:flutter/src/widgets/framework.dart:2072:13)
#300    _InactiveElements._unmount.<anonymous closure> (package:flutter/src/widgets/framework.dart:2074:7)
#301    ComponentElement.visitChildren (package:flutter/src/widgets/framework.dart:5773:14)
#302    _InactiveElements._unmount (package:flutter/src/widgets/framework.dart:2072:13)
#303    _InactiveElements._unmount.<anonymous closure> (package:flutter/src/widgets/framework.dart:2074:7)
#304    ComponentElement.visitChildren (package:flutter/src/widgets/framework.dart:5773:14)
#305    _InactiveElements._unmount (package:flutter/src/widgets/framework.dart:2072:13)
#306    _InactiveElements._unmount.<anonymous closure> (package:flutter/src/widgets/framework.dart:2074:7)
#307    ComponentElement.visitChildren (package:flutter/src/widgets/framework.dart:5773:14)
#308    _InactiveElements._unmount (package:flutter/src/widgets/framework.dart:2072:13)
#309    _InactiveElements._unmount.<anonymous closure> (package:flutter/src/widgets/framework.dart:2074:7)
#310    SingleChildRenderObjectElement.visitChildren (package:flutter/src/widgets/framework.dart:7004:14)
#311    _InactiveElements._unmount (package:flutter/src/widgets/framework.dart:2072:13)
#312    _InactiveElements._unmount.<anonymous closure> (package:flutter/src/widgets/framework.dart:2074:7)
#313    ComponentElement.visitChildren (package:flutter/src/widgets/framework.dart:5773:14)
#314    _InactiveElements._unmount (package:flutter/src/widgets/framework.dart:2072:13)
#315    _InactiveElements._unmount.<anonymous closure> (package:flutter/src/widgets/framework.dart:2074:7)
#316    ComponentElement.visitChildren (package:flutter/src/widgets/framework.dart:5773:14)
#317    _InactiveElements._unmount (package:flutter/src/widgets/framework.dart:2072:13)
#318    _InactiveElements._unmount.<anonymous closure> (package:flutter/src/widgets/framework.dart:2074:7)
#319    ComponentElement.visitChildren (package:flutter/src/widgets/framework.dart:5773:14)
#320    _InactiveElements._unmount (package:flutter/src/widgets/framework.dart:2072:13)
#321    _InactiveElements._unmount.<anonymous closure> (package:flutter/src/widgets/framework.dart:2074:7)
#322    ComponentElement.visitChildren (package:flutter/src/widgets/framework.dart:5773:14)
#323    _InactiveElements._unmount (package:flutter/src/widgets/framework.dart:2072:13)
#324    _InactiveElements._unmount.<anonymous closure> (package:flutter/src/widgets/framework.dart:2074:7)
#325    SingleChildRenderObjectElement.visitChildren (package:flutter/src/widgets/framework.dart:7004:14)
#326    _InactiveElements._unmount (package:flutter/src/widgets/framework.dart:2072:13)
#327    _InactiveElements._unmount.<anonymous closure> (package:flutter/src/widgets/framework.dart:2074:7)
#328    ComponentElement.visitChildren (package:flutter/src/widgets/framework.dart:5773:14)
#329    _InactiveElements._unmount (package:flutter/src/widgets/framework.dart:2072:13)
#330    _InactiveElements._unmount.<anonymous closure> (package:flutter/src/widgets/framework.dart:2074:7)
#331    ComponentElement.visitChildren (package:flutter/src/widgets/framework.dart:5773:14)
#332    _InactiveElements._unmount (package:flutter/src/widgets/framework.dart:2072:13)
#333    _InactiveElements._unmount.<anonymous closure> (package:flutter/src/widgets/framework.dart:2074:7)
#334    ComponentElement.visitChildren (package:flutter/src/widgets/framework.dart:5773:14)
#335    _InactiveElements._unmount (package:flutter/src/widgets/framework.dart:2072:13)
#336    _InactiveElements._unmount.<anonymous closure> (package:flutter/src/widgets/framework.dart:2074:7)
#337    ComponentElement.visitChildren (package:flutter/src/widgets/framework.dart:5773:14)
#338    _InactiveElements._unmount (package:flutter/src/widgets/framework.dart:2072:13)
#339    _InactiveElements._unmount.<anonymous closure> (package:flutter/src/widgets/framework.dart:2074:7)
#340    ComponentElement.visitChildren (package:flutter/src/widgets/framework.dart:5773:14)
#341    _InactiveElements._unmount (package:flutter/src/widgets/framework.dart:2072:13)
#342    _InactiveElements._unmount.<anonymous closure> (package:flutter/src/widgets/framework.dart:2074:7)
#343    ComponentElement.visitChildren (package:flutter/src/widgets/framework.dart:5773:14)
#344    _InactiveElements._unmount (package:flutter/src/widgets/framework.dart:2072:13)
#345    _InactiveElements._unmount.<anonymous closure> (package:flutter/src/widgets/framework.dart:2074:7)
#346    ComponentElement.visitChildren (package:flutter/src/widgets/framework.dart:5773:14)
#347    _InactiveElements._unmount (package:flutter/src/widgets/framework.dart:2072:13)
#348    _InactiveElements._unmount.<anonymous closure> (package:flutter/src/widgets/framework.dart:2074:7)
#349    ComponentElement.visitChildren (package:flutter/src/widgets/framework.dart:5773:14)
#350    _InactiveElements._unmount (package:flutter/src/widgets/framework.dart:2072:13)
#351    _InactiveElements._unmount.<anonymous closure> (package:flutter/src/widgets/framework.dart:2074:7)
#352    ComponentElement.visitChildren (package:flutter/src/widgets/framework.dart:5773:14)
#353    _InactiveElements._unmount (package:flutter/src/widgets/framework.dart:2072:13)
#354    _InactiveElements._unmount.<anonymous closure> (package:flutter/src/widgets/framework.dart:2074:7)
#355    ComponentElement.visitChildren (package:flutter/src/widgets/framework.dart:5773:14)
#356    _InactiveElements._unmount (package:flutter/src/widgets/framework.dart:2072:13)
#357    _InactiveElements._unmount.<anonymous closure> (package:flutter/src/widgets/framework.dart:2074:7)
#358    ComponentElement.visitChildren (package:flutter/src/widgets/framework.dart:5773:14)
#359    _InactiveElements._unmount (package:flutter/src/widgets/framework.dart:2072:13)
#360    _InactiveElements._unmount.<anonymous closure> (package:flutter/src/widgets/framework.dart:2074:7)
#361    SingleChildRenderObjectElement.visitChildren (package:flutter/src/widgets/framework.dart:7004:14)
#362    _InactiveElements._unmount (package:flutter/src/widgets/framework.dart:2072:13)
#363    _InactiveElements._unmount.<anonymous closure> (package:flutter/src/widgets/framework.dart:2074:7)
#364    ComponentElement.visitChildren (package:flutter/src/widgets/framework.dart:5773:14)
#365    _InactiveElements._unmount (package:flutter/src/widgets/framework.dart:2072:13)
#366    _InactiveElements._unmount.<anonymous closure> (package:flutter/src/widgets/framework.dart:2074:7)
#367    ComponentElement.visitChildren (package:flutter/src/widgets/framework.dart:5773:14)
#368    _InactiveElements._unmount (package:flutter/src/widgets/framework.dart:2072:13)
#369    _InactiveElements._unmount.<anonymous closure> (package:flutter/src/widgets/framework.dart:2074:7)
#370    ComponentElement.visitChildren (package:flutter/src/widgets/framework.dart:5773:14)
#371    _InactiveElements._unmount (package:flutter/src/widgets/framework.dart:2072:13)
#372    _InactiveElements._unmount.<anonymous closure> (package:flutter/src/widgets/framework.dart:2074:7)
#373    ComponentElement.visitChildren (package:flutter/src/widgets/framework.dart:5773:14)
#374    _InactiveElements._unmount (package:flutter/src/widgets/framework.dart:2072:13)
#375    _InactiveElements._unmount.<anonymous closure> (package:flutter/src/widgets/framework.dart:2074:7)
#376    ComponentElement.visitChildren (package:flutter/src/widgets/framework.dart:5773:14)
#377    _InactiveElements._unmount (package:flutter/src/widgets/framework.dart:2072:13)
#378    _InactiveElements._unmount.<anonymous closure> (package:flutter/src/widgets/framework.dart:2074:7)
#379    ComponentElement.visitChildren (package:flutter/src/widgets/framework.dart:5773:14)
#380    _InactiveElements._unmount (package:flutter/src/widgets/framework.dart:2072:13)
#381    _InactiveElements._unmount.<anonymous closure> (package:flutter/src/widgets/framework.dart:2074:7)
#382    ComponentElement.visitChildren (package:flutter/src/widgets/framework.dart:5773:14)
#383    _InactiveElements._unmount (package:flutter/src/widgets/framework.dart:2072:13)
#384    _InactiveElements._unmount.<anonymous closure> (package:flutter/src/widgets/framework.dart:2074:7)
#385    ComponentElement.visitChildren (package:flutter/src/widgets/framework.dart:5773:14)
#386    _InactiveElements._unmount (package:flutter/src/widgets/framework.dart:2072:13)
#387    _InactiveElements._unmount.<anonymous closure> (package:flutter/src/widgets/framework.dart:2074:7)
#388    ComponentElement.visitChildren (package:flutter/src/widgets/framework.dart:5773:14)
#389    _InactiveElements._unmount (package:flutter/src/widgets/framework.dart:2072:13)
#390    _InactiveElements._unmount.<anonymous closure> (package:flutter/src/widgets/framework.dart:2074:7)
#391    ComponentElement.visitChildren (package:flutter/src/widgets/framework.dart:5773:14)
#392    _InactiveElements._unmount (package:flutter/src/widgets/framework.dart:2072:13)
#393    ListIterable.forEach (dart:_internal/iterable.dart:49:13)
#394    _InactiveElements._unmountAll (package:flutter/src/widgets/framework.dart:2085:25)
#395    BuildOwner.lockState (package:flutter/src/widgets/framework.dart:2965:15)
#396    BuildOwner.finalizeTree (package:flutter/src/widgets/framework.dart:3289:7)
#397    AutomatedTestWidgetsFlutterBinding.drawFrame (package:flutter_test/src/binding.dart:1528:19)
#398    RendererBinding._handlePersistentFrameCallback (package:flutter/src/rendering/binding.dart:495:5)
#399    SchedulerBinding._invokeFrameCallback (package:flutter/src/scheduler/binding.dart:1434:15)
#400    SchedulerBinding.handleDrawFrame (package:flutter/src/scheduler/binding.dart:1347:9)
#401    AutomatedTestWidgetsFlutterBinding.pump.<anonymous closure> (package:flutter_test/src/binding.dart:1335:9)
#404    TestAsyncUtils.guard (package:flutter_test/src/test_async_utils.dart:74:41)
#405    AutomatedTestWidgetsFlutterBinding.pump (package:flutter_test/src/binding.dart:1324:27)
#406    WidgetTester.pumpWidget.<anonymous closure> (package:flutter_test/src/widget_tester.dart:598:22)
#409    TestAsyncUtils.guard (package:flutter_test/src/test_async_utils.dart:74:41)
#410    WidgetTester.pumpWidget (package:flutter_test/src/widget_tester.dart:595:27)
#411    main.<anonymous closure>.<anonymous closure> (file:///C:/code/Flutter/practicas/flutter_games/echo_world/test/game/view/game_page_test.dart:96:20)
<asynchronous suspension>
#412    testWidgets.<anonymous closure>.<anonymous closure> (package:flutter_test/src/widget_tester.dart:192:15)
<asynchronous suspension>
#413    TestWidgetsFlutterBinding._runTestBody (package:flutter_test/src/binding.dart:1059:5)
<asynchronous suspension>
<asynchronous suspension>
(elided 5 frames from dart:async and package:stack_trace)
════════════════════════════════════════════════════════════════════════════════════════════════════
══╡ EXCEPTION CAUGHT BY WIDGET INSPECTOR ╞══════════════════════════════════════════════════════════
The following assertion was thrown:
Looking up a deactivated widget's ancestor is unsafe.
At this point the state of the widget's element tree is no longer stable.
To safely refer to a widget's ancestor in its dispose() method, save a reference to the ancestor by
calling dependOnInheritedWidgetOfExactType() in the widget's didChangeDependencies() method.

When the exception was thrown, this was the stack:
#0      Element._debugCheckStateIsActiveForAncestorLookup.<anonymous closure> (package:flutter/src/widgets/framework.dart:4954:9)
#1      Element._debugCheckStateIsActiveForAncestorLookup (package:flutter/src/widgets/framework.dart:4968:6)
#2      Element.visitAncestorElements (package:flutter/src/widgets/framework.dart:5080:12)
#3      _describeRelevantUserCode (package:flutter/src/widgets/widget_inspector.dart:4221:13)
#4      _parseDiagnosticsNode (package:flutter/src/widgets/widget_inspector.dart:4140:12)
#5      debugTransformDebugCreator (package:flutter/src/widgets/widget_inspector.dart:4119:21)
#6      _FlutterErrorDetailsNode.builder (package:flutter/src/foundation/assertions.dart:1310:31)
#7      DiagnosticableNode.getProperties (package:flutter/src/foundation/diagnostics.dart:2945:68)
#8      TextTreeRenderer._debugRender (package:flutter/src/foundation/diagnostics.dart:1270:63)
#9      TextTreeRenderer.render (package:flutter/src/foundation/diagnostics.dart:1137:14)
#10     FlutterError.dumpErrorToConsole (package:flutter/src/foundation/assertions.dart:1040:13)
#11     TestWidgetsFlutterBinding._runTest.<anonymous closure> (package:flutter_test/src/binding.dart:886:24)
#12     FlutterError.reportError (package:flutter/src/foundation/assertions.dart:1203:14)
#13     _reportException (package:flutter/src/widgets/framework.dart:7305:16)
#14     BuildOwner.finalizeTree (package:flutter/src/widgets/framework.dart:3384:7)
#15     AutomatedTestWidgetsFlutterBinding.drawFrame (package:flutter_test/src/binding.dart:1528:19)
#16     RendererBinding._handlePersistentFrameCallback (package:flutter/src/rendering/binding.dart:495:5)
#17     SchedulerBinding._invokeFrameCallback (package:flutter/src/scheduler/binding.dart:1434:15)
#18     SchedulerBinding.handleDrawFrame (package:flutter/src/scheduler/binding.dart:1347:9)
#19     AutomatedTestWidgetsFlutterBinding.pump.<anonymous closure> (package:flutter_test/src/binding.dart:1335:9)
#22     TestAsyncUtils.guard (package:flutter_test/src/test_async_utils.dart:74:41)
#23     AutomatedTestWidgetsFlutterBinding.pump (package:flutter_test/src/binding.dart:1324:27)
#24     WidgetTester.pumpWidget.<anonymous closure> (package:flutter_test/src/widget_tester.dart:598:22)
#27     TestAsyncUtils.guard (package:flutter_test/src/test_async_utils.dart:74:41)
#28     WidgetTester.pumpWidget (package:flutter_test/src/widget_tester.dart:595:27)
#29     main.<anonymous closure>.<anonymous closure> (file:///C:/code/Flutter/practicas/flutter_games/echo_world/test/game/view/game_page_test.dart:96:20)
<asynchronous suspension>
#30     testWidgets.<anonymous closure>.<anonymous closure> (package:flutter_test/src/widget_tester.dart:192:15)
<asynchronous suspension>
#31     TestWidgetsFlutterBinding._runTestBody (package:flutter_test/src/binding.dart:1059:5)
<asynchronous suspension>
<asynchronous suspension>
(elided 5 frames from dart:async and package:stack_trace)

This exception was caught while trying to describe the user-relevant code of another error.
════════════════════════════════════════════════════════════════════════════════════════════════════
══╡ EXCEPTION CAUGHT BY WIDGET INSPECTOR ╞══════════════════════════════════════════════════════════
The following assertion was thrown:
Looking up a deactivated widget's ancestor is unsafe.
At this point the state of the widget's element tree is no longer stable.
To safely refer to a widget's ancestor in its dispose() method, save a reference to the ancestor by
calling dependOnInheritedWidgetOfExactType() in the widget's didChangeDependencies() method.

When the exception was thrown, this was the stack:
#0      Element._debugCheckStateIsActiveForAncestorLookup.<anonymous closure> (package:flutter/src/widgets/framework.dart:4954:9)
#1      Element._debugCheckStateIsActiveForAncestorLookup (package:flutter/src/widgets/framework.dart:4968:6)
#2      Element.visitAncestorElements (package:flutter/src/widgets/framework.dart:5080:12)
#3      _describeRelevantUserCode (package:flutter/src/widgets/widget_inspector.dart:4221:13)
#4      _parseDiagnosticsNode (package:flutter/src/widgets/widget_inspector.dart:4140:12)
#5      debugTransformDebugCreator (package:flutter/src/widgets/widget_inspector.dart:4119:21)
#6      _FlutterErrorDetailsNode.builder (package:flutter/src/foundation/assertions.dart:1310:31)
#7      DiagnosticableNode.emptyBodyDescription (package:flutter/src/foundation/diagnostics.dart:2941:45)
#8      TextTreeRenderer._debugRender (package:flutter/src/foundation/diagnostics.dart:1307:14)
#9      TextTreeRenderer.render (package:flutter/src/foundation/diagnostics.dart:1137:14)
#10     FlutterError.dumpErrorToConsole (package:flutter/src/foundation/assertions.dart:1040:13)
#11     TestWidgetsFlutterBinding._runTest.<anonymous closure> (package:flutter_test/src/binding.dart:886:24)
#12     FlutterError.reportError (package:flutter/src/foundation/assertions.dart:1203:14)
#13     _reportException (package:flutter/src/widgets/framework.dart:7305:16)
#14     BuildOwner.finalizeTree (package:flutter/src/widgets/framework.dart:3384:7)
#15     AutomatedTestWidgetsFlutterBinding.drawFrame (package:flutter_test/src/binding.dart:1528:19)
#16     RendererBinding._handlePersistentFrameCallback (package:flutter/src/rendering/binding.dart:495:5)
#17     SchedulerBinding._invokeFrameCallback (package:flutter/src/scheduler/binding.dart:1434:15)
#18     SchedulerBinding.handleDrawFrame (package:flutter/src/scheduler/binding.dart:1347:9)
#19     AutomatedTestWidgetsFlutterBinding.pump.<anonymous closure> (package:flutter_test/src/binding.dart:1335:9)
#22     TestAsyncUtils.guard (package:flutter_test/src/test_async_utils.dart:74:41)
#23     AutomatedTestWidgetsFlutterBinding.pump (package:flutter_test/src/binding.dart:1324:27)
#24     WidgetTester.pumpWidget.<anonymous closure> (package:flutter_test/src/widget_tester.dart:598:22)
#27     TestAsyncUtils.guard (package:flutter_test/src/test_async_utils.dart:74:41)
#28     WidgetTester.pumpWidget (package:flutter_test/src/widget_tester.dart:595:27)
#29     main.<anonymous closure>.<anonymous closure> (file:///C:/code/Flutter/practicas/flutter_games/echo_world/test/game/view/game_page_test.dart:96:20)
<asynchronous suspension>
#30     testWidgets.<anonymous closure>.<anonymous closure> (package:flutter_test/src/widget_tester.dart:192:15)
<asynchronous suspension>
#31     TestWidgetsFlutterBinding._runTestBody (package:flutter_test/src/binding.dart:1059:5)
<asynchronous suspension>
<asynchronous suspension>
(elided 5 frames from dart:async and package:stack_trace)

This exception was caught while trying to describe the user-relevant code of another error.
════════════════════════════════════════════════════════════════════════════════════════════════════
══╡ EXCEPTION CAUGHT BY FLUTTER TEST FRAMEWORK ╞════════════════════════════════════════════════════
The following message was thrown:
Multiple exceptions (4) were detected during the running of the current test, and at least one was
unexpected.
════════════════════════════════════════════════════════════════════════════════════════════════════
00:09 +10 -5: C:/code/Flutter/practicas/flutter_games/echo_world/test/loading/view/loading_page_test.dart: LoadingPage basic layout
00:09 +10 -5: C:/code/Flutter/practicas/flutter_games/echo_world/test/game/view/game_page_test.dart: GamePage is routable [E]
  Test failed. See exception logs above.
  The test description was: is routable
  
00:09 +10 -5: C:/code/Flutter/practicas/flutter_games/echo_world/test/game/view/game_page_test.dart: GamePage renders GameView
══╡ EXCEPTION CAUGHT BY WIDGETS LIBRARY ╞═══════════════════════════════════════════════════════════
The following StorageNotFound was thrown building GameView(dirty, state: _GameViewState#85027):
Storage was accessed before it was initialized.
Please ensure that storage has been initialized.

For example:

HydratedBloc.storage = await HydratedStorage.build();

The relevant error-causing widget was:
  GameView
  GameView:file:///C:/code/Flutter/practicas/flutter_games/echo_world/lib/game/view/game_page.dart:42:35

When the exception was thrown, this was the stack:
#0      HydratedBloc.storage (package:hydrated_bloc/src/hydrated_bloc.dart:77:27)
#1      HydratedMixin.hydrate (package:hydrated_bloc/src/hydrated_bloc.dart:175:42)
#2      new HydratedBloc (package:hydrated_bloc/src/hydrated_bloc.dart:65:5)
#3      new CheckpointBloc (package:echo_world/game/cubit/checkpoint/checkpoint_bloc.dart:8:22)
#4      GamePage.build.<anonymous closure> (package:echo_world/game/view/game_page.dart:35:37)
#5      _CreateInheritedProviderState.value (package:provider/src/inherited_provider.dart:749:36)
#6      _InheritedProviderScopeElement.value (package:provider/src/inherited_provider.dart:603:33)
#7      Provider.of (package:provider/src/provider.dart:337:37)
#8      ReadContext.read (package:provider/src/provider.dart:683:21)
#9      GamePage.build.<anonymous closure> (package:echo_world/game/view/game_page.dart:38:37)
#10     _CreateInheritedProviderState.value (package:provider/src/inherited_provider.dart:749:36)
#11     _InheritedProviderScopeElement.value (package:provider/src/inherited_provider.dart:603:33)
#12     Provider.of (package:provider/src/provider.dart:337:37)
#13     ReadContext.read (package:provider/src/provider.dart:683:21)
#14     _GameViewState.build (package:echo_world/game/view/game_page.dart:79:29)
#15     StatefulElement.build (package:flutter/src/widgets/framework.dart:5833:27)
#16     ComponentElement.performRebuild (package:flutter/src/widgets/framework.dart:5723:15)
#17     StatefulElement.performRebuild (package:flutter/src/widgets/framework.dart:5884:11)
#18     Element.rebuild (package:flutter/src/widgets/framework.dart:5435:7)
#19     ComponentElement._firstBuild (package:flutter/src/widgets/framework.dart:5705:5)
#20     StatefulElement._firstBuild (package:flutter/src/widgets/framework.dart:5875:11)
#21     ComponentElement.mount (package:flutter/src/widgets/framework.dart:5699:5)
...     Normal element mounting (25 frames)
#46     Element.inflateWidget (package:flutter/src/widgets/framework.dart:4548:16)
#47     MultiChildRenderObjectElement.inflateWidget (package:flutter/src/widgets/framework.dart:7169:36)
#48     MultiChildRenderObjectElement.mount (package:flutter/src/widgets/framework.dart:7185:32)
...     Normal element mounting (111 frames)
#159    _InheritedProviderScopeElement.mount (package:provider/src/inherited_provider.dart:424:11)
...     Normal element mounting (7 frames)
#166    SingleChildWidgetElementMixin.mount (package:nested/nested.dart:222:11)
...     Normal element mounting (7 frames)
#173    SingleChildWidgetElementMixin.mount (package:nested/nested.dart:222:11)
...     Normal element mounting (7 frames)
#180    _NestedHookElement.mount (package:nested/nested.dart:187:11)
...     Normal element mounting (7 frames)
#187    _InheritedProviderScopeElement.mount (package:provider/src/inherited_provider.dart:424:11)
...     Normal element mounting (7 frames)
#194    SingleChildWidgetElementMixin.mount (package:nested/nested.dart:222:11)
...     Normal element mounting (7 frames)
#201    SingleChildWidgetElementMixin.mount (package:nested/nested.dart:222:11)
...     Normal element mounting (7 frames)
#208    _NestedHookElement.mount (package:nested/nested.dart:187:11)
...     Normal element mounting (7 frames)
#215    _InheritedProviderScopeElement.mount (package:provider/src/inherited_provider.dart:424:11)
...     Normal element mounting (7 frames)
#222    SingleChildWidgetElementMixin.mount (package:nested/nested.dart:222:11)
...     Normal element mounting (7 frames)
#229    SingleChildWidgetElementMixin.mount (package:nested/nested.dart:222:11)
...     Normal element mounting (7 frames)
#236    _NestedHookElement.mount (package:nested/nested.dart:187:11)
...     Normal element mounting (7 frames)
#243    SingleChildWidgetElementMixin.mount (package:nested/nested.dart:222:11)
...     Normal element mounting (234 frames)
#477    Element.inflateWidget (package:flutter/src/widgets/framework.dart:4548:16)
#478    MultiChildRenderObjectElement.inflateWidget (package:flutter/src/widgets/framework.dart:7169:36)
#479    MultiChildRenderObjectElement.mount (package:flutter/src/widgets/framework.dart:7185:32)
...     Normal element mounting (471 frames)
#950    _InheritedProviderScopeElement.mount (package:provider/src/inherited_provider.dart:424:11)
...     Normal element mounting (7 frames)
#957    SingleChildWidgetElementMixin.mount (package:nested/nested.dart:222:11)
...     Normal element mounting (7 frames)
#964    SingleChildWidgetElementMixin.mount (package:nested/nested.dart:222:11)
...     Normal element mounting (7 frames)
#971    _NestedHookElement.mount (package:nested/nested.dart:187:11)
...     Normal element mounting (7 frames)
#978    SingleChildWidgetElementMixin.mount (package:nested/nested.dart:222:11)
#979    Element.inflateWidget (package:flutter/src/widgets/framework.dart:4548:16)
#980    Element.updateChild (package:flutter/src/widgets/framework.dart:3998:20)
#981    ComponentElement.performRebuild (package:flutter/src/widgets/framework.dart:5747:16)
#982    Element.rebuild (package:flutter/src/widgets/framework.dart:5435:7)
#983    ProxyElement.update (package:flutter/src/widgets/framework.dart:6051:5)
#984    _InheritedNotifierElement.update (package:flutter/src/widgets/inherited_notifier.dart:108:11)
#985    Element.updateChild (package:flutter/src/widgets/framework.dart:3982:15)
#986    ComponentElement.performRebuild (package:flutter/src/widgets/framework.dart:5747:16)
#987    StatefulElement.performRebuild (package:flutter/src/widgets/framework.dart:5884:11)
#988    Element.rebuild (package:flutter/src/widgets/framework.dart:5435:7)
#989    StatefulElement.update (package:flutter/src/widgets/framework.dart:5909:5)
#990    Element.updateChild (package:flutter/src/widgets/framework.dart:3982:15)
#991    ComponentElement.performRebuild (package:flutter/src/widgets/framework.dart:5747:16)
#992    Element.rebuild (package:flutter/src/widgets/framework.dart:5435:7)
#993    ProxyElement.update (package:flutter/src/widgets/framework.dart:6051:5)
#994    _InheritedNotifierElement.update (package:flutter/src/widgets/inherited_notifier.dart:108:11)
#995    Element.updateChild (package:flutter/src/widgets/framework.dart:3982:15)
#996    ComponentElement.performRebuild (package:flutter/src/widgets/framework.dart:5747:16)
#997    StatefulElement.performRebuild (package:flutter/src/widgets/framework.dart:5884:11)
#998    Element.rebuild (package:flutter/src/widgets/framework.dart:5435:7)
#999    StatefulElement.update (package:flutter/src/widgets/framework.dart:5909:5)
#1000   Element.updateChild (package:flutter/src/widgets/framework.dart:3982:15)
#1001   ComponentElement.performRebuild (package:flutter/src/widgets/framework.dart:5747:16)
#1002   StatefulElement.performRebuild (package:flutter/src/widgets/framework.dart:5884:11)
#1003   Element.rebuild (package:flutter/src/widgets/framework.dart:5435:7)
#1004   StatefulElement.update (package:flutter/src/widgets/framework.dart:5909:5)
#1005   Element.updateChild (package:flutter/src/widgets/framework.dart:3982:15)
#1006   ComponentElement.performRebuild (package:flutter/src/widgets/framework.dart:5747:16)
#1007   Element.rebuild (package:flutter/src/widgets/framework.dart:5435:7)
#1008   ProxyElement.update (package:flutter/src/widgets/framework.dart:6051:5)
#1009   Element.updateChild (package:flutter/src/widgets/framework.dart:3982:15)
#1010   ComponentElement.performRebuild (package:flutter/src/widgets/framework.dart:5747:16)
#1011   StatefulElement.performRebuild (package:flutter/src/widgets/framework.dart:5884:11)
#1012   Element.rebuild (package:flutter/src/widgets/framework.dart:5435:7)
#1013   StatefulElement.update (package:flutter/src/widgets/framework.dart:5909:5)
#1014   Element.updateChild (package:flutter/src/widgets/framework.dart:3982:15)
#1015   ComponentElement.performRebuild (package:flutter/src/widgets/framework.dart:5747:16)
#1016   Element.rebuild (package:flutter/src/widgets/framework.dart:5435:7)
#1017   ProxyElement.update (package:flutter/src/widgets/framework.dart:6051:5)
#1018   Element.updateChild (package:flutter/src/widgets/framework.dart:3982:15)
#1019   ComponentElement.performRebuild (package:flutter/src/widgets/framework.dart:5747:16)
#1020   Element.rebuild (package:flutter/src/widgets/framework.dart:5435:7)
#1021   ProxyElement.update (package:flutter/src/widgets/framework.dart:6051:5)
#1022   Element.updateChild (package:flutter/src/widgets/framework.dart:3982:15)
#1023   _RawViewElement._updateChild (package:flutter/src/widgets/view.dart:481:16)
#1024   _RawViewElement.update (package:flutter/src/widgets/view.dart:568:5)
#1025   Element.updateChild (package:flutter/src/widgets/framework.dart:3982:15)
#1026   ComponentElement.performRebuild (package:flutter/src/widgets/framework.dart:5747:16)
#1027   Element.rebuild (package:flutter/src/widgets/framework.dart:5435:7)
#1028   StatelessElement.update (package:flutter/src/widgets/framework.dart:5797:5)
#1029   Element.updateChild (package:flutter/src/widgets/framework.dart:3982:15)
#1030   ComponentElement.performRebuild (package:flutter/src/widgets/framework.dart:5747:16)
#1031   StatefulElement.performRebuild (package:flutter/src/widgets/framework.dart:5884:11)
#1032   Element.rebuild (package:flutter/src/widgets/framework.dart:5435:7)
#1033   StatefulElement.update (package:flutter/src/widgets/framework.dart:5909:5)
#1034   Element.updateChild (package:flutter/src/widgets/framework.dart:3982:15)
#1035   RootElement._rebuild (package:flutter/src/widgets/binding.dart:1716:16)
#1036   RootElement.update (package:flutter/src/widgets/binding.dart:1694:5)
#1037   RootElement.performRebuild (package:flutter/src/widgets/binding.dart:1708:7)
#1038   Element.rebuild (package:flutter/src/widgets/framework.dart:5435:7)
#1039   BuildScope._tryRebuild (package:flutter/src/widgets/framework.dart:2695:15)
#1040   BuildScope._flushDirtyElements (package:flutter/src/widgets/framework.dart:2752:11)
#1041   BuildOwner.buildScope (package:flutter/src/widgets/framework.dart:3056:18)
#1042   AutomatedTestWidgetsFlutterBinding.drawFrame (package:flutter_test/src/binding.dart:1506:19)
#1043   RendererBinding._handlePersistentFrameCallback (package:flutter/src/rendering/binding.dart:495:5)
#1044   SchedulerBinding._invokeFrameCallback (package:flutter/src/scheduler/binding.dart:1434:15)
#1045   SchedulerBinding.handleDrawFrame (package:flutter/src/scheduler/binding.dart:1347:9)
#1046   AutomatedTestWidgetsFlutterBinding.pump.<anonymous closure> (package:flutter_test/src/binding.dart:1335:9)
#1049   TestAsyncUtils.guard (package:flutter_test/src/test_async_utils.dart:74:41)
#1050   AutomatedTestWidgetsFlutterBinding.pump (package:flutter_test/src/binding.dart:1324:27)
#1051   WidgetTester.pumpWidget.<anonymous closure> (package:flutter_test/src/widget_tester.dart:598:22)
#1054   TestAsyncUtils.guard (package:flutter_test/src/test_async_utils.dart:74:41)
#1055   WidgetTester.pumpWidget (package:flutter_test/src/widget_tester.dart:595:27)
#1056   PumpApp.pumpApp (file:///C:/code/Flutter/practicas/flutter_games/echo_world/test/helpers/pump_app.dart:18:12)
#1057   main.<anonymous closure>.<anonymous closure> (file:///C:/code/Flutter/practicas/flutter_games/echo_world/test/game/view/game_page_test.dart:100:20)
#1058   testWidgets.<anonymous closure>.<anonymous closure> (package:flutter_test/src/widget_tester.dart:192:29)
<asynchronous suspension>
#1059   TestWidgetsFlutterBinding._runTestBody (package:flutter_test/src/binding.dart:1059:5)
<asynchronous suspension>
<asynchronous suspension>
(elided 5 frames from dart:async and package:stack_trace)

════════════════════════════════════════════════════════════════════════════════════════════════════
00:09 +10 -6: C:/code/Flutter/practicas/flutter_games/echo_world/test/loading/view/loading_page_test.dart: LoadingPage basic layout
00:09 +10 -6: C:/code/Flutter/practicas/flutter_games/echo_world/test/game/view/game_page_test.dart: GamePage renders GameView [E]
  Test failed. See exception logs above.
  The test description was: renders GameView
  
00:10 +10 -6: C:/code/Flutter/practicas/flutter_games/echo_world/test/loading/view/loading_page_test.dart: LoadingPage basic layout
00:10 +10 -6: C:/code/Flutter/practicas/flutter_games/echo_world/test/game/view/game_page_test.dart: GameView toggles mute button correctly
══╡ EXCEPTION CAUGHT BY WIDGETS LIBRARY ╞═══════════════════════════════════════════════════════════
The following _TypeError was thrown while finalizing the widget tree:
type 'Null' is not a subtype of type 'GameBloc' in type cast

When the exception was thrown, this was the stack:
#0      _CreateInheritedProviderState.dispose (package:provider/src/inherited_provider.dart:810:47)
#1      _InheritedProviderScopeElement.unmount (package:provider/src/inherited_provider.dart:572:20)
#2      _InactiveElements._unmount (package:flutter/src/widgets/framework.dart:2076:13)
#3      _InactiveElements._unmount.<anonymous closure> (package:flutter/src/widgets/framework.dart:2074:7)
#4      ComponentElement.visitChildren (package:flutter/src/widgets/framework.dart:5773:14)
#5      _InactiveElements._unmount (package:flutter/src/widgets/framework.dart:2072:13)
#6      _InactiveElements._unmount.<anonymous closure> (package:flutter/src/widgets/framework.dart:2074:7)
#7      ComponentElement.visitChildren (package:flutter/src/widgets/framework.dart:5773:14)
#8      _InactiveElements._unmount (package:flutter/src/widgets/framework.dart:2072:13)
#9      _InactiveElements._unmount.<anonymous closure> (package:flutter/src/widgets/framework.dart:2074:7)
#10     ComponentElement.visitChildren (package:flutter/src/widgets/framework.dart:5773:14)
#11     _InactiveElements._unmount (package:flutter/src/widgets/framework.dart:2072:13)
#12     _InactiveElements._unmount.<anonymous closure> (package:flutter/src/widgets/framework.dart:2074:7)
#13     ComponentElement.visitChildren (package:flutter/src/widgets/framework.dart:5773:14)
#14     _InactiveElements._unmount (package:flutter/src/widgets/framework.dart:2072:13)
#15     _InactiveElements._unmount.<anonymous closure> (package:flutter/src/widgets/framework.dart:2074:7)
#16     ComponentElement.visitChildren (package:flutter/src/widgets/framework.dart:5773:14)
#17     _InactiveElements._unmount (package:flutter/src/widgets/framework.dart:2072:13)
#18     _InactiveElements._unmount.<anonymous closure> (package:flutter/src/widgets/framework.dart:2074:7)
#19     ComponentElement.visitChildren (package:flutter/src/widgets/framework.dart:5773:14)
#20     _InactiveElements._unmount (package:flutter/src/widgets/framework.dart:2072:13)
#21     _InactiveElements._unmount.<anonymous closure> (package:flutter/src/widgets/framework.dart:2074:7)
#22     ComponentElement.visitChildren (package:flutter/src/widgets/framework.dart:5773:14)
#23     _InactiveElements._unmount (package:flutter/src/widgets/framework.dart:2072:13)
#24     _InactiveElements._unmount.<anonymous closure> (package:flutter/src/widgets/framework.dart:2074:7)
#25     ComponentElement.visitChildren (package:flutter/src/widgets/framework.dart:5773:14)
#26     _InactiveElements._unmount (package:flutter/src/widgets/framework.dart:2072:13)
#27     _InactiveElements._unmount.<anonymous closure> (package:flutter/src/widgets/framework.dart:2074:7)
#28     ComponentElement.visitChildren (package:flutter/src/widgets/framework.dart:5773:14)
#29     _InactiveElements._unmount (package:flutter/src/widgets/framework.dart:2072:13)
#30     _InactiveElements._unmount.<anonymous closure> (package:flutter/src/widgets/framework.dart:2074:7)
#31     ComponentElement.visitChildren (package:flutter/src/widgets/framework.dart:5773:14)
#32     _InactiveElements._unmount (package:flutter/src/widgets/framework.dart:2072:13)
#33     _InactiveElements._unmount.<anonymous closure> (package:flutter/src/widgets/framework.dart:2074:7)
#34     ComponentElement.visitChildren (package:flutter/src/widgets/framework.dart:5773:14)
#35     _InactiveElements._unmount (package:flutter/src/widgets/framework.dart:2072:13)
#36     _InactiveElements._unmount.<anonymous closure> (package:flutter/src/widgets/framework.dart:2074:7)
#37     ComponentElement.visitChildren (package:flutter/src/widgets/framework.dart:5773:14)
#38     _InactiveElements._unmount (package:flutter/src/widgets/framework.dart:2072:13)
#39     _InactiveElements._unmount.<anonymous closure> (package:flutter/src/widgets/framework.dart:2074:7)
#40     ComponentElement.visitChildren (package:flutter/src/widgets/framework.dart:5773:14)
#41     _InactiveElements._unmount (package:flutter/src/widgets/framework.dart:2072:13)
#42     _InactiveElements._unmount.<anonymous closure> (package:flutter/src/widgets/framework.dart:2074:7)
#43     SingleChildRenderObjectElement.visitChildren (package:flutter/src/widgets/framework.dart:7004:14)
#44     _InactiveElements._unmount (package:flutter/src/widgets/framework.dart:2072:13)
#45     _InactiveElements._unmount.<anonymous closure> (package:flutter/src/widgets/framework.dart:2074:7)
#46     ComponentElement.visitChildren (package:flutter/src/widgets/framework.dart:5773:14)
#47     _InactiveElements._unmount (package:flutter/src/widgets/framework.dart:2072:13)
#48     _InactiveElements._unmount.<anonymous closure> (package:flutter/src/widgets/framework.dart:2074:7)
#49     SingleChildRenderObjectElement.visitChildren (package:flutter/src/widgets/framework.dart:7004:14)
#50     _InactiveElements._unmount (package:flutter/src/widgets/framework.dart:2072:13)
#51     _InactiveElements._unmount.<anonymous closure> (package:flutter/src/widgets/framework.dart:2074:7)
#52     SingleChildRenderObjectElement.visitChildren (package:flutter/src/widgets/framework.dart:7004:14)
#53     _InactiveElements._unmount (package:flutter/src/widgets/framework.dart:2072:13)
#54     _InactiveElements._unmount.<anonymous closure> (package:flutter/src/widgets/framework.dart:2074:7)
#55     ComponentElement.visitChildren (package:flutter/src/widgets/framework.dart:5773:14)
#56     _InactiveElements._unmount (package:flutter/src/widgets/framework.dart:2072:13)
#57     _InactiveElements._unmount.<anonymous closure> (package:flutter/src/widgets/framework.dart:2074:7)
#58     SingleChildRenderObjectElement.visitChildren (package:flutter/src/widgets/framework.dart:7004:14)
#59     _InactiveElements._unmount (package:flutter/src/widgets/framework.dart:2072:13)
#60     _InactiveElements._unmount.<anonymous closure> (package:flutter/src/widgets/framework.dart:2074:7)
#61     ComponentElement.visitChildren (package:flutter/src/widgets/framework.dart:5773:14)
#62     _InactiveElements._unmount (package:flutter/src/widgets/framework.dart:2072:13)
#63     _InactiveElements._unmount.<anonymous closure> (package:flutter/src/widgets/framework.dart:2074:7)
#64     SingleChildRenderObjectElement.visitChildren (package:flutter/src/widgets/framework.dart:7004:14)
#65     _InactiveElements._unmount (package:flutter/src/widgets/framework.dart:2072:13)
#66     _InactiveElements._unmount.<anonymous closure> (package:flutter/src/widgets/framework.dart:2074:7)
#67     ComponentElement.visitChildren (package:flutter/src/widgets/framework.dart:5773:14)
#68     _InactiveElements._unmount (package:flutter/src/widgets/framework.dart:2072:13)
#69     _InactiveElements._unmount.<anonymous closure> (package:flutter/src/widgets/framework.dart:2074:7)
#70     ComponentElement.visitChildren (package:flutter/src/widgets/framework.dart:5773:14)
#71     _InactiveElements._unmount (package:flutter/src/widgets/framework.dart:2072:13)
#72     _InactiveElements._unmount.<anonymous closure> (package:flutter/src/widgets/framework.dart:2074:7)
#73     SingleChildRenderObjectElement.visitChildren (package:flutter/src/widgets/framework.dart:7004:14)
#74     _InactiveElements._unmount (package:flutter/src/widgets/framework.dart:2072:13)
#75     _InactiveElements._unmount.<anonymous closure> (package:flutter/src/widgets/framework.dart:2074:7)
#76     ComponentElement.visitChildren (package:flutter/src/widgets/framework.dart:5773:14)
#77     _InactiveElements._unmount (package:flutter/src/widgets/framework.dart:2072:13)
#78     _InactiveElements._unmount.<anonymous closure> (package:flutter/src/widgets/framework.dart:2074:7)
#79     SingleChildRenderObjectElement.visitChildren (package:flutter/src/widgets/framework.dart:7004:14)
#80     _InactiveElements._unmount (package:flutter/src/widgets/framework.dart:2072:13)
#81     _InactiveElements._unmount.<anonymous closure> (package:flutter/src/widgets/framework.dart:2074:7)
#82     ComponentElement.visitChildren (package:flutter/src/widgets/framework.dart:5773:14)
#83     _InactiveElements._unmount (package:flutter/src/widgets/framework.dart:2072:13)
#84     _InactiveElements._unmount.<anonymous closure> (package:flutter/src/widgets/framework.dart:2074:7)
#85     ComponentElement.visitChildren (package:flutter/src/widgets/framework.dart:5773:14)
#86     _InactiveElements._unmount (package:flutter/src/widgets/framework.dart:2072:13)
#87     _InactiveElements._unmount.<anonymous closure> (package:flutter/src/widgets/framework.dart:2074:7)
#88     ComponentElement.visitChildren (package:flutter/src/widgets/framework.dart:5773:14)
#89     _InactiveElements._unmount (package:flutter/src/widgets/framework.dart:2072:13)
#90     _InactiveElements._unmount.<anonymous closure> (package:flutter/src/widgets/framework.dart:2074:7)
#91     ComponentElement.visitChildren (package:flutter/src/widgets/framework.dart:5773:14)
#92     _InactiveElements._unmount (package:flutter/src/widgets/framework.dart:2072:13)
#93     _InactiveElements._unmount.<anonymous closure> (package:flutter/src/widgets/framework.dart:2074:7)
#94     ComponentElement.visitChildren (package:flutter/src/widgets/framework.dart:5773:14)
#95     _InactiveElements._unmount (package:flutter/src/widgets/framework.dart:2072:13)
#96     _InactiveElements._unmount.<anonymous closure> (package:flutter/src/widgets/framework.dart:2074:7)
#97     SingleChildRenderObjectElement.visitChildren (package:flutter/src/widgets/framework.dart:7004:14)
#98     _InactiveElements._unmount (package:flutter/src/widgets/framework.dart:2072:13)
#99     _InactiveElements._unmount.<anonymous closure> (package:flutter/src/widgets/framework.dart:2074:7)
#100    ComponentElement.visitChildren (package:flutter/src/widgets/framework.dart:5773:14)
#101    _InactiveElements._unmount (package:flutter/src/widgets/framework.dart:2072:13)
#102    _InactiveElements._unmount.<anonymous closure> (package:flutter/src/widgets/framework.dart:2074:7)
#103    SingleChildRenderObjectElement.visitChildren (package:flutter/src/widgets/framework.dart:7004:14)
#104    _InactiveElements._unmount (package:flutter/src/widgets/framework.dart:2072:13)
#105    _InactiveElements._unmount.<anonymous closure> (package:flutter/src/widgets/framework.dart:2074:7)
#106    ComponentElement.visitChildren (package:flutter/src/widgets/framework.dart:5773:14)
#107    _InactiveElements._unmount (package:flutter/src/widgets/framework.dart:2072:13)
#108    _InactiveElements._unmount.<anonymous closure> (package:flutter/src/widgets/framework.dart:2074:7)
#109    ComponentElement.visitChildren (package:flutter/src/widgets/framework.dart:5773:14)
#110    _InactiveElements._unmount (package:flutter/src/widgets/framework.dart:2072:13)
#111    _InactiveElements._unmount.<anonymous closure> (package:flutter/src/widgets/framework.dart:2074:7)
#112    ComponentElement.visitChildren (package:flutter/src/widgets/framework.dart:5773:14)
#113    _InactiveElements._unmount (package:flutter/src/widgets/framework.dart:2072:13)
#114    _InactiveElements._unmount.<anonymous closure> (package:flutter/src/widgets/framework.dart:2074:7)
#115    ComponentElement.visitChildren (package:flutter/src/widgets/framework.dart:5773:14)
#116    _InactiveElements._unmount (package:flutter/src/widgets/framework.dart:2072:13)
#117    _InactiveElements._unmount.<anonymous closure> (package:flutter/src/widgets/framework.dart:2074:7)
#118    ComponentElement.visitChildren (package:flutter/src/widgets/framework.dart:5773:14)
#119    _InactiveElements._unmount (package:flutter/src/widgets/framework.dart:2072:13)
#120    _InactiveElements._unmount.<anonymous closure> (package:flutter/src/widgets/framework.dart:2074:7)
#121    ComponentElement.visitChildren (package:flutter/src/widgets/framework.dart:5773:14)
#122    _InactiveElements._unmount (package:flutter/src/widgets/framework.dart:2072:13)
#123    _InactiveElements._unmount.<anonymous closure> (package:flutter/src/widgets/framework.dart:2074:7)
#124    SingleChildRenderObjectElement.visitChildren (package:flutter/src/widgets/framework.dart:7004:14)
#125    _InactiveElements._unmount (package:flutter/src/widgets/framework.dart:2072:13)
#126    _InactiveElements._unmount.<anonymous closure> (package:flutter/src/widgets/framework.dart:2074:7)
#127    ComponentElement.visitChildren (package:flutter/src/widgets/framework.dart:5773:14)
#128    _InactiveElements._unmount (package:flutter/src/widgets/framework.dart:2072:13)
#129    _InactiveElements._unmount.<anonymous closure> (package:flutter/src/widgets/framework.dart:2074:7)
#130    ComponentElement.visitChildren (package:flutter/src/widgets/framework.dart:5773:14)
#131    _InactiveElements._unmount (package:flutter/src/widgets/framework.dart:2072:13)
#132    _InactiveElements._unmount.<anonymous closure> (package:flutter/src/widgets/framework.dart:2074:7)
#133    ComponentElement.visitChildren (package:flutter/src/widgets/framework.dart:5773:14)
#134    _InactiveElements._unmount (package:flutter/src/widgets/framework.dart:2072:13)
#135    _InactiveElements._unmount.<anonymous closure> (package:flutter/src/widgets/framework.dart:2074:7)
#136    ComponentElement.visitChildren (package:flutter/src/widgets/framework.dart:5773:14)
#137    _InactiveElements._unmount (package:flutter/src/widgets/framework.dart:2072:13)
#138    _InactiveElements._unmount.<anonymous closure> (package:flutter/src/widgets/framework.dart:2074:7)
#139    ComponentElement.visitChildren (package:flutter/src/widgets/framework.dart:5773:14)
#140    _InactiveElements._unmount (package:flutter/src/widgets/framework.dart:2072:13)
#141    _InactiveElements._unmount.<anonymous closure> (package:flutter/src/widgets/framework.dart:2074:7)
#142    SingleChildRenderObjectElement.visitChildren (package:flutter/src/widgets/framework.dart:7004:14)
#143    _InactiveElements._unmount (package:flutter/src/widgets/framework.dart:2072:13)
#144    _InactiveElements._unmount.<anonymous closure> (package:flutter/src/widgets/framework.dart:2074:7)
#145    ComponentElement.visitChildren (package:flutter/src/widgets/framework.dart:5773:14)
#146    _InactiveElements._unmount (package:flutter/src/widgets/framework.dart:2072:13)
#147    _InactiveElements._unmount.<anonymous closure> (package:flutter/src/widgets/framework.dart:2074:7)
#148    ComponentElement.visitChildren (package:flutter/src/widgets/framework.dart:5773:14)
#149    _InactiveElements._unmount (package:flutter/src/widgets/framework.dart:2072:13)
#150    _InactiveElements._unmount.<anonymous closure> (package:flutter/src/widgets/framework.dart:2074:7)
#151    ComponentElement.visitChildren (package:flutter/src/widgets/framework.dart:5773:14)
#152    _InactiveElements._unmount (package:flutter/src/widgets/framework.dart:2072:13)
#153    _InactiveElements._unmount.<anonymous closure> (package:flutter/src/widgets/framework.dart:2074:7)
#154    ComponentElement.visitChildren (package:flutter/src/widgets/framework.dart:5773:14)
#155    _InactiveElements._unmount (package:flutter/src/widgets/framework.dart:2072:13)
#156    _InactiveElements._unmount.<anonymous closure> (package:flutter/src/widgets/framework.dart:2074:7)
#157    MultiChildRenderObjectElement.visitChildren (package:flutter/src/widgets/framework.dart:7128:16)
#158    _InactiveElements._unmount (package:flutter/src/widgets/framework.dart:2072:13)
#159    _InactiveElements._unmount.<anonymous closure> (package:flutter/src/widgets/framework.dart:2074:7)
#160    ComponentElement.visitChildren (package:flutter/src/widgets/framework.dart:5773:14)
#161    _InactiveElements._unmount (package:flutter/src/widgets/framework.dart:2072:13)
#162    _InactiveElements._unmount.<anonymous closure> (package:flutter/src/widgets/framework.dart:2074:7)
#163    ComponentElement.visitChildren (package:flutter/src/widgets/framework.dart:5773:14)
#164    _InactiveElements._unmount (package:flutter/src/widgets/framework.dart:2072:13)
#165    _InactiveElements._unmount.<anonymous closure> (package:flutter/src/widgets/framework.dart:2074:7)
#166    ComponentElement.visitChildren (package:flutter/src/widgets/framework.dart:5773:14)
#167    _InactiveElements._unmount (package:flutter/src/widgets/framework.dart:2072:13)
#168    _InactiveElements._unmount.<anonymous closure> (package:flutter/src/widgets/framework.dart:2074:7)
#169    ComponentElement.visitChildren (package:flutter/src/widgets/framework.dart:5773:14)
#170    _InactiveElements._unmount (package:flutter/src/widgets/framework.dart:2072:13)
#171    _InactiveElements._unmount.<anonymous closure> (package:flutter/src/widgets/framework.dart:2074:7)
#172    ComponentElement.visitChildren (package:flutter/src/widgets/framework.dart:5773:14)
#173    _InactiveElements._unmount (package:flutter/src/widgets/framework.dart:2072:13)
#174    _InactiveElements._unmount.<anonymous closure> (package:flutter/src/widgets/framework.dart:2074:7)
#175    ComponentElement.visitChildren (package:flutter/src/widgets/framework.dart:5773:14)
#176    _InactiveElements._unmount (package:flutter/src/widgets/framework.dart:2072:13)
#177    _InactiveElements._unmount.<anonymous closure> (package:flutter/src/widgets/framework.dart:2074:7)
#178    ComponentElement.visitChildren (package:flutter/src/widgets/framework.dart:5773:14)
#179    _InactiveElements._unmount (package:flutter/src/widgets/framework.dart:2072:13)
#180    _InactiveElements._unmount.<anonymous closure> (package:flutter/src/widgets/framework.dart:2074:7)
#181    SingleChildRenderObjectElement.visitChildren (package:flutter/src/widgets/framework.dart:7004:14)
#182    _InactiveElements._unmount (package:flutter/src/widgets/framework.dart:2072:13)
#183    _InactiveElements._unmount.<anonymous closure> (package:flutter/src/widgets/framework.dart:2074:7)
#184    SingleChildRenderObjectElement.visitChildren (package:flutter/src/widgets/framework.dart:7004:14)
#185    _InactiveElements._unmount (package:flutter/src/widgets/framework.dart:2072:13)
#186    _InactiveElements._unmount.<anonymous closure> (package:flutter/src/widgets/framework.dart:2074:7)
#187    ComponentElement.visitChildren (package:flutter/src/widgets/framework.dart:5773:14)
#188    _InactiveElements._unmount (package:flutter/src/widgets/framework.dart:2072:13)
#189    _InactiveElements._unmount.<anonymous closure> (package:flutter/src/widgets/framework.dart:2074:7)
#190    ComponentElement.visitChildren (package:flutter/src/widgets/framework.dart:5773:14)
#191    _InactiveElements._unmount (package:flutter/src/widgets/framework.dart:2072:13)
#192    _InactiveElements._unmount.<anonymous closure> (package:flutter/src/widgets/framework.dart:2074:7)
#193    ComponentElement.visitChildren (package:flutter/src/widgets/framework.dart:5773:14)
#194    _InactiveElements._unmount (package:flutter/src/widgets/framework.dart:2072:13)
#195    _InactiveElements._unmount.<anonymous closure> (package:flutter/src/widgets/framework.dart:2074:7)
#196    ComponentElement.visitChildren (package:flutter/src/widgets/framework.dart:5773:14)
#197    _InactiveElements._unmount (package:flutter/src/widgets/framework.dart:2072:13)
#198    _InactiveElements._unmount.<anonymous closure> (package:flutter/src/widgets/framework.dart:2074:7)
#199    SingleChildRenderObjectElement.visitChildren (package:flutter/src/widgets/framework.dart:7004:14)
#200    _InactiveElements._unmount (package:flutter/src/widgets/framework.dart:2072:13)
#201    _InactiveElements._unmount.<anonymous closure> (package:flutter/src/widgets/framework.dart:2074:7)
#202    ComponentElement.visitChildren (package:flutter/src/widgets/framework.dart:5773:14)
#203    _InactiveElements._unmount (package:flutter/src/widgets/framework.dart:2072:13)
#204    _InactiveElements._unmount.<anonymous closure> (package:flutter/src/widgets/framework.dart:2074:7)
#205    ComponentElement.visitChildren (package:flutter/src/widgets/framework.dart:5773:14)
#206    _InactiveElements._unmount (package:flutter/src/widgets/framework.dart:2072:13)
#207    _InactiveElements._unmount.<anonymous closure> (package:flutter/src/widgets/framework.dart:2074:7)
#208    ComponentElement.visitChildren (package:flutter/src/widgets/framework.dart:5773:14)
#209    _InactiveElements._unmount (package:flutter/src/widgets/framework.dart:2072:13)
#210    _InactiveElements._unmount.<anonymous closure> (package:flutter/src/widgets/framework.dart:2074:7)
#211    ComponentElement.visitChildren (package:flutter/src/widgets/framework.dart:5773:14)
#212    _InactiveElements._unmount (package:flutter/src/widgets/framework.dart:2072:13)
#213    _InactiveElements._unmount.<anonymous closure> (package:flutter/src/widgets/framework.dart:2074:7)
#214    ComponentElement.visitChildren (package:flutter/src/widgets/framework.dart:5773:14)
#215    _InactiveElements._unmount (package:flutter/src/widgets/framework.dart:2072:13)
#216    _InactiveElements._unmount.<anonymous closure> (package:flutter/src/widgets/framework.dart:2074:7)
#217    ComponentElement.visitChildren (package:flutter/src/widgets/framework.dart:5773:14)
#218    _InactiveElements._unmount (package:flutter/src/widgets/framework.dart:2072:13)
#219    _InactiveElements._unmount.<anonymous closure> (package:flutter/src/widgets/framework.dart:2074:7)
#220    ComponentElement.visitChildren (package:flutter/src/widgets/framework.dart:5773:14)
#221    _InactiveElements._unmount (package:flutter/src/widgets/framework.dart:2072:13)
#222    _InactiveElements._unmount.<anonymous closure> (package:flutter/src/widgets/framework.dart:2074:7)
#223    ComponentElement.visitChildren (package:flutter/src/widgets/framework.dart:5773:14)
#224    _InactiveElements._unmount (package:flutter/src/widgets/framework.dart:2072:13)
#225    _InactiveElements._unmount.<anonymous closure> (package:flutter/src/widgets/framework.dart:2074:7)
#226    ComponentElement.visitChildren (package:flutter/src/widgets/framework.dart:5773:14)
#227    _InactiveElements._unmount (package:flutter/src/widgets/framework.dart:2072:13)
#228    _InactiveElements._unmount.<anonymous closure> (package:flutter/src/widgets/framework.dart:2074:7)
#229    ComponentElement.visitChildren (package:flutter/src/widgets/framework.dart:5773:14)
#230    _InactiveElements._unmount (package:flutter/src/widgets/framework.dart:2072:13)
#231    _InactiveElements._unmount.<anonymous closure> (package:flutter/src/widgets/framework.dart:2074:7)
#232    ComponentElement.visitChildren (package:flutter/src/widgets/framework.dart:5773:14)
#233    _InactiveElements._unmount (package:flutter/src/widgets/framework.dart:2072:13)
#234    _InactiveElements._unmount.<anonymous closure> (package:flutter/src/widgets/framework.dart:2074:7)
#235    ComponentElement.visitChildren (package:flutter/src/widgets/framework.dart:5773:14)
#236    _InactiveElements._unmount (package:flutter/src/widgets/framework.dart:2072:13)
#237    _InactiveElements._unmount.<anonymous closure> (package:flutter/src/widgets/framework.dart:2074:7)
#238    ComponentElement.visitChildren (package:flutter/src/widgets/framework.dart:5773:14)
#239    _InactiveElements._unmount (package:flutter/src/widgets/framework.dart:2072:13)
#240    _InactiveElements._unmount.<anonymous closure> (package:flutter/src/widgets/framework.dart:2074:7)
#241    ComponentElement.visitChildren (package:flutter/src/widgets/framework.dart:5773:14)
#242    _InactiveElements._unmount (package:flutter/src/widgets/framework.dart:2072:13)
#243    _InactiveElements._unmount.<anonymous closure> (package:flutter/src/widgets/framework.dart:2074:7)
#244    ComponentElement.visitChildren (package:flutter/src/widgets/framework.dart:5773:14)
#245    _InactiveElements._unmount (package:flutter/src/widgets/framework.dart:2072:13)
#246    _InactiveElements._unmount.<anonymous closure> (package:flutter/src/widgets/framework.dart:2074:7)
#247    SingleChildRenderObjectElement.visitChildren (package:flutter/src/widgets/framework.dart:7004:14)
#248    _InactiveElements._unmount (package:flutter/src/widgets/framework.dart:2072:13)
#249    _InactiveElements._unmount.<anonymous closure> (package:flutter/src/widgets/framework.dart:2074:7)
#250    ComponentElement.visitChildren (package:flutter/src/widgets/framework.dart:5773:14)
#251    _InactiveElements._unmount (package:flutter/src/widgets/framework.dart:2072:13)
#252    _InactiveElements._unmount.<anonymous closure> (package:flutter/src/widgets/framework.dart:2074:7)
#253    ComponentElement.visitChildren (package:flutter/src/widgets/framework.dart:5773:14)
#254    _InactiveElements._unmount (package:flutter/src/widgets/framework.dart:2072:13)
#255    _InactiveElements._unmount.<anonymous closure> (package:flutter/src/widgets/framework.dart:2074:7)
#256    ComponentElement.visitChildren (package:flutter/src/widgets/framework.dart:5773:14)
#257    _InactiveElements._unmount (package:flutter/src/widgets/framework.dart:2072:13)
#258    _InactiveElements._unmount.<anonymous closure> (package:flutter/src/widgets/framework.dart:2074:7)
#259    ComponentElement.visitChildren (package:flutter/src/widgets/framework.dart:5773:14)
#260    _InactiveElements._unmount (package:flutter/src/widgets/framework.dart:2072:13)
#261    _InactiveElements._unmount.<anonymous closure> (package:flutter/src/widgets/framework.dart:2074:7)
#262    ComponentElement.visitChildren (package:flutter/src/widgets/framework.dart:5773:14)
#263    _InactiveElements._unmount (package:flutter/src/widgets/framework.dart:2072:13)
#264    _InactiveElements._unmount.<anonymous closure> (package:flutter/src/widgets/framework.dart:2074:7)
#265    SingleChildRenderObjectElement.visitChildren (package:flutter/src/widgets/framework.dart:7004:14)
#266    _InactiveElements._unmount (package:flutter/src/widgets/framework.dart:2072:13)
#267    _InactiveElements._unmount.<anonymous closure> (package:flutter/src/widgets/framework.dart:2074:7)
#268    ComponentElement.visitChildren (package:flutter/src/widgets/framework.dart:5773:14)
#269    _InactiveElements._unmount (package:flutter/src/widgets/framework.dart:2072:13)
#270    _InactiveElements._unmount.<anonymous closure> (package:flutter/src/widgets/framework.dart:2074:7)
#271    ComponentElement.visitChildren (package:flutter/src/widgets/framework.dart:5773:14)
#272    _InactiveElements._unmount (package:flutter/src/widgets/framework.dart:2072:13)
#273    _InactiveElements._unmount.<anonymous closure> (package:flutter/src/widgets/framework.dart:2074:7)
#274    SingleChildRenderObjectElement.visitChildren (package:flutter/src/widgets/framework.dart:7004:14)
#275    _InactiveElements._unmount (package:flutter/src/widgets/framework.dart:2072:13)
#276    _InactiveElements._unmount.<anonymous closure> (package:flutter/src/widgets/framework.dart:2074:7)
#277    ComponentElement.visitChildren (package:flutter/src/widgets/framework.dart:5773:14)
#278    _InactiveElements._unmount (package:flutter/src/widgets/framework.dart:2072:13)
#279    _InactiveElements._unmount.<anonymous closure> (package:flutter/src/widgets/framework.dart:2074:7)
#280    ComponentElement.visitChildren (package:flutter/src/widgets/framework.dart:5773:14)
#281    _InactiveElements._unmount (package:flutter/src/widgets/framework.dart:2072:13)
#282    _InactiveElements._unmount.<anonymous closure> (package:flutter/src/widgets/framework.dart:2074:7)
#283    ComponentElement.visitChildren (package:flutter/src/widgets/framework.dart:5773:14)
#284    _InactiveElements._unmount (package:flutter/src/widgets/framework.dart:2072:13)
#285    _InactiveElements._unmount.<anonymous closure> (package:flutter/src/widgets/framework.dart:2074:7)
#286    ComponentElement.visitChildren (package:flutter/src/widgets/framework.dart:5773:14)
#287    _InactiveElements._unmount (package:flutter/src/widgets/framework.dart:2072:13)
#288    _InactiveElements._unmount.<anonymous closure> (package:flutter/src/widgets/framework.dart:2074:7)
#289    ComponentElement.visitChildren (package:flutter/src/widgets/framework.dart:5773:14)
#290    _InactiveElements._unmount (package:flutter/src/widgets/framework.dart:2072:13)
#291    _InactiveElements._unmount.<anonymous closure> (package:flutter/src/widgets/framework.dart:2074:7)
#292    SingleChildRenderObjectElement.visitChildren (package:flutter/src/widgets/framework.dart:7004:14)
#293    _InactiveElements._unmount (package:flutter/src/widgets/framework.dart:2072:13)
#294    _InactiveElements._unmount.<anonymous closure> (package:flutter/src/widgets/framework.dart:2074:7)
#295    ComponentElement.visitChildren (package:flutter/src/widgets/framework.dart:5773:14)
#296    _InactiveElements._unmount (package:flutter/src/widgets/framework.dart:2072:13)
#297    _InactiveElements._unmount.<anonymous closure> (package:flutter/src/widgets/framework.dart:2074:7)
#298    ComponentElement.visitChildren (package:flutter/src/widgets/framework.dart:5773:14)
#299    _InactiveElements._unmount (package:flutter/src/widgets/framework.dart:2072:13)
#300    _InactiveElements._unmount.<anonymous closure> (package:flutter/src/widgets/framework.dart:2074:7)
#301    ComponentElement.visitChildren (package:flutter/src/widgets/framework.dart:5773:14)
#302    _InactiveElements._unmount (package:flutter/src/widgets/framework.dart:2072:13)
#303    _InactiveElements._unmount.<anonymous closure> (package:flutter/src/widgets/framework.dart:2074:7)
#304    ComponentElement.visitChildren (package:flutter/src/widgets/framework.dart:5773:14)
#305    _InactiveElements._unmount (package:flutter/src/widgets/framework.dart:2072:13)
#306    _InactiveElements._unmount.<anonymous closure> (package:flutter/src/widgets/framework.dart:2074:7)
#307    ComponentElement.visitChildren (package:flutter/src/widgets/framework.dart:5773:14)
#308    _InactiveElements._unmount (package:flutter/src/widgets/framework.dart:2072:13)
#309    _InactiveElements._unmount.<anonymous closure> (package:flutter/src/widgets/framework.dart:2074:7)
#310    SingleChildRenderObjectElement.visitChildren (package:flutter/src/widgets/framework.dart:7004:14)
#311    _InactiveElements._unmount (package:flutter/src/widgets/framework.dart:2072:13)
#312    _InactiveElements._unmount.<anonymous closure> (package:flutter/src/widgets/framework.dart:2074:7)
#313    ComponentElement.visitChildren (package:flutter/src/widgets/framework.dart:5773:14)
#314    _InactiveElements._unmount (package:flutter/src/widgets/framework.dart:2072:13)
#315    _InactiveElements._unmount.<anonymous closure> (package:flutter/src/widgets/framework.dart:2074:7)
#316    ComponentElement.visitChildren (package:flutter/src/widgets/framework.dart:5773:14)
#317    _InactiveElements._unmount (package:flutter/src/widgets/framework.dart:2072:13)
#318    _InactiveElements._unmount.<anonymous closure> (package:flutter/src/widgets/framework.dart:2074:7)
#319    ComponentElement.visitChildren (package:flutter/src/widgets/framework.dart:5773:14)
#320    _InactiveElements._unmount (package:flutter/src/widgets/framework.dart:2072:13)
#321    _InactiveElements._unmount.<anonymous closure> (package:flutter/src/widgets/framework.dart:2074:7)
#322    ComponentElement.visitChildren (package:flutter/src/widgets/framework.dart:5773:14)
#323    _InactiveElements._unmount (package:flutter/src/widgets/framework.dart:2072:13)
#324    _InactiveElements._unmount.<anonymous closure> (package:flutter/src/widgets/framework.dart:2074:7)
#325    SingleChildRenderObjectElement.visitChildren (package:flutter/src/widgets/framework.dart:7004:14)
#326    _InactiveElements._unmount (package:flutter/src/widgets/framework.dart:2072:13)
#327    _InactiveElements._unmount.<anonymous closure> (package:flutter/src/widgets/framework.dart:2074:7)
#328    ComponentElement.visitChildren (package:flutter/src/widgets/framework.dart:5773:14)
#329    _InactiveElements._unmount (package:flutter/src/widgets/framework.dart:2072:13)
#330    _InactiveElements._unmount.<anonymous closure> (package:flutter/src/widgets/framework.dart:2074:7)
#331    ComponentElement.visitChildren (package:flutter/src/widgets/framework.dart:5773:14)
#332    _InactiveElements._unmount (package:flutter/src/widgets/framework.dart:2072:13)
#333    _InactiveElements._unmount.<anonymous closure> (package:flutter/src/widgets/framework.dart:2074:7)
#334    ComponentElement.visitChildren (package:flutter/src/widgets/framework.dart:5773:14)
#335    _InactiveElements._unmount (package:flutter/src/widgets/framework.dart:2072:13)
#336    _InactiveElements._unmount.<anonymous closure> (package:flutter/src/widgets/framework.dart:2074:7)
#337    ComponentElement.visitChildren (package:flutter/src/widgets/framework.dart:5773:14)
#338    _InactiveElements._unmount (package:flutter/src/widgets/framework.dart:2072:13)
#339    _InactiveElements._unmount.<anonymous closure> (package:flutter/src/widgets/framework.dart:2074:7)
#340    ComponentElement.visitChildren (package:flutter/src/widgets/framework.dart:5773:14)
#341    _InactiveElements._unmount (package:flutter/src/widgets/framework.dart:2072:13)
#342    _InactiveElements._unmount.<anonymous closure> (package:flutter/src/widgets/framework.dart:2074:7)
#343    ComponentElement.visitChildren (package:flutter/src/widgets/framework.dart:5773:14)
#344    _InactiveElements._unmount (package:flutter/src/widgets/framework.dart:2072:13)
#345    _InactiveElements._unmount.<anonymous closure> (package:flutter/src/widgets/framework.dart:2074:7)
#346    ComponentElement.visitChildren (package:flutter/src/widgets/framework.dart:5773:14)
#347    _InactiveElements._unmount (package:flutter/src/widgets/framework.dart:2072:13)
#348    _InactiveElements._unmount.<anonymous closure> (package:flutter/src/widgets/framework.dart:2074:7)
#349    ComponentElement.visitChildren (package:flutter/src/widgets/framework.dart:5773:14)
#350    _InactiveElements._unmount (package:flutter/src/widgets/framework.dart:2072:13)
#351    _InactiveElements._unmount.<anonymous closure> (package:flutter/src/widgets/framework.dart:2074:7)
#352    ComponentElement.visitChildren (package:flutter/src/widgets/framework.dart:5773:14)
#353    _InactiveElements._unmount (package:flutter/src/widgets/framework.dart:2072:13)
#354    _InactiveElements._unmount.<anonymous closure> (package:flutter/src/widgets/framework.dart:2074:7)
#355    ComponentElement.visitChildren (package:flutter/src/widgets/framework.dart:5773:14)
#356    _InactiveElements._unmount (package:flutter/src/widgets/framework.dart:2072:13)
#357    _InactiveElements._unmount.<anonymous closure> (package:flutter/src/widgets/framework.dart:2074:7)
#358    ComponentElement.visitChildren (package:flutter/src/widgets/framework.dart:5773:14)
#359    _InactiveElements._unmount (package:flutter/src/widgets/framework.dart:2072:13)
#360    _InactiveElements._unmount.<anonymous closure> (package:flutter/src/widgets/framework.dart:2074:7)
#361    SingleChildRenderObjectElement.visitChildren (package:flutter/src/widgets/framework.dart:7004:14)
#362    _InactiveElements._unmount (package:flutter/src/widgets/framework.dart:2072:13)
#363    _InactiveElements._unmount.<anonymous closure> (package:flutter/src/widgets/framework.dart:2074:7)
#364    ComponentElement.visitChildren (package:flutter/src/widgets/framework.dart:5773:14)
#365    _InactiveElements._unmount (package:flutter/src/widgets/framework.dart:2072:13)
#366    _InactiveElements._unmount.<anonymous closure> (package:flutter/src/widgets/framework.dart:2074:7)
#367    ComponentElement.visitChildren (package:flutter/src/widgets/framework.dart:5773:14)
#368    _InactiveElements._unmount (package:flutter/src/widgets/framework.dart:2072:13)
#369    _InactiveElements._unmount.<anonymous closure> (package:flutter/src/widgets/framework.dart:2074:7)
#370    ComponentElement.visitChildren (package:flutter/src/widgets/framework.dart:5773:14)
#371    _InactiveElements._unmount (package:flutter/src/widgets/framework.dart:2072:13)
#372    _InactiveElements._unmount.<anonymous closure> (package:flutter/src/widgets/framework.dart:2074:7)
#373    ComponentElement.visitChildren (package:flutter/src/widgets/framework.dart:5773:14)
#374    _InactiveElements._unmount (package:flutter/src/widgets/framework.dart:2072:13)
#375    _InactiveElements._unmount.<anonymous closure> (package:flutter/src/widgets/framework.dart:2074:7)
#376    ComponentElement.visitChildren (package:flutter/src/widgets/framework.dart:5773:14)
#377    _InactiveElements._unmount (package:flutter/src/widgets/framework.dart:2072:13)
#378    _InactiveElements._unmount.<anonymous closure> (package:flutter/src/widgets/framework.dart:2074:7)
#379    ComponentElement.visitChildren (package:flutter/src/widgets/framework.dart:5773:14)
#380    _InactiveElements._unmount (package:flutter/src/widgets/framework.dart:2072:13)
#381    _InactiveElements._unmount.<anonymous closure> (package:flutter/src/widgets/framework.dart:2074:7)
#382    ComponentElement.visitChildren (package:flutter/src/widgets/framework.dart:5773:14)
#383    _InactiveElements._unmount (package:flutter/src/widgets/framework.dart:2072:13)
#384    _InactiveElements._unmount.<anonymous closure> (package:flutter/src/widgets/framework.dart:2074:7)
#385    ComponentElement.visitChildren (package:flutter/src/widgets/framework.dart:5773:14)
#386    _InactiveElements._unmount (package:flutter/src/widgets/framework.dart:2072:13)
#387    _InactiveElements._unmount.<anonymous closure> (package:flutter/src/widgets/framework.dart:2074:7)
#388    ComponentElement.visitChildren (package:flutter/src/widgets/framework.dart:5773:14)
#389    _InactiveElements._unmount (package:flutter/src/widgets/framework.dart:2072:13)
#390    _InactiveElements._unmount.<anonymous closure> (package:flutter/src/widgets/framework.dart:2074:7)
#391    ComponentElement.visitChildren (package:flutter/src/widgets/framework.dart:5773:14)
#392    _InactiveElements._unmount (package:flutter/src/widgets/framework.dart:2072:13)
#393    ListIterable.forEach (dart:_internal/iterable.dart:49:13)
#394    _InactiveElements._unmountAll (package:flutter/src/widgets/framework.dart:2085:25)
#395    BuildOwner.lockState (package:flutter/src/widgets/framework.dart:2965:15)
#396    BuildOwner.finalizeTree (package:flutter/src/widgets/framework.dart:3289:7)
#397    AutomatedTestWidgetsFlutterBinding.drawFrame (package:flutter_test/src/binding.dart:1528:19)
#398    RendererBinding._handlePersistentFrameCallback (package:flutter/src/rendering/binding.dart:495:5)
#399    SchedulerBinding._invokeFrameCallback (package:flutter/src/scheduler/binding.dart:1434:15)
#400    SchedulerBinding.handleDrawFrame (package:flutter/src/scheduler/binding.dart:1347:9)
#401    AutomatedTestWidgetsFlutterBinding.scheduleWarmUpFrame (package:flutter_test/src/binding.dart:1432:5)
#402    _runWidget (package:flutter/src/widgets/binding.dart:1577:7)
#403    runApp (package:flutter/src/widgets/binding.dart:1510:3)
#404    TestWidgetsFlutterBinding._runTestBody (package:flutter_test/src/binding.dart:1047:5)
#407    TestWidgetsFlutterBinding._runTest (package:flutter_test/src/binding.dart:1033:10)
#408    AutomatedTestWidgetsFlutterBinding.runTest.<anonymous closure> (package:flutter_test/src/binding.dart:1564:24)
#409    FakeAsync.run.<anonymous closure>.<anonymous closure> (package:fake_async/fake_async.dart:182:47)
#414    withClock (package:clock/src/default.dart:52:10)
#415    FakeAsync.run.<anonymous closure> (package:fake_async/fake_async.dart:182:15)
#420    FakeAsync.run (package:fake_async/fake_async.dart:181:52)
#421    AutomatedTestWidgetsFlutterBinding.runTest (package:flutter_test/src/binding.dart:1561:15)
#422    testWidgets.<anonymous closure> (package:flutter_test/src/widget_tester.dart:184:24)
#423    Declarer.test.<anonymous closure>.<anonymous closure> (package:test_api/src/backend/declarer.dart:242:19)
<asynchronous suspension>
#424    Declarer.test.<anonymous closure> (package:test_api/src/backend/declarer.dart:240:7)
<asynchronous suspension>
#425    Invoker._waitForOutstandingCallbacks.<anonymous closure> (package:test_api/src/backend/invoker.dart:282:9)
<asynchronous suspension>
(elided 10 frames from dart:async)
════════════════════════════════════════════════════════════════════════════════════════════════════
══╡ EXCEPTION CAUGHT BY WIDGETS LIBRARY ╞═══════════════════════════════════════════════════════════
The following ProviderNotFoundException was thrown building GameView(state: _GameViewState#05cdb):
Error: Could not find the correct Provider<GameBloc> above this BlocListener<GameBloc, GameState>
Widget

This happens because you used a `BuildContext` that does not include the provider
of your choice. There are a few common scenarios:

- You added a new provider in your `main.dart` and performed a hot-reload.
  To fix, perform a hot-restart.

- The provider you are trying to read is in a different route.

  Providers are "scoped". So if you insert of provider inside a route, then
  other routes will not be able to access that provider.

- You used a `BuildContext` that is an ancestor of the provider you are trying to read.

  Make sure that BlocListener<GameBloc, GameState> is under your MultiProvider/Provider<GameBloc>.
  This usually happens when you are creating a provider and trying to read it immediately.

  For example, instead of:

  ```
  Widget build(BuildContext context) {
    return Provider<Example>(
      create: (_) => Example(),
      // Will throw a ProviderNotFoundError, because `context` is associated
      // to the widget that is the parent of `Provider<Example>`
      child: Text(context.watch<Example>().toString()),
    );
  }
  ```

  consider using `builder` like so:

  ```
  Widget build(BuildContext context) {
    return Provider<Example>(
      create: (_) => Example(),
      // we use `builder` to obtain a new `BuildContext` that has access to the provider
      builder: (context, child) {
        // No longer throws
        return Text(context.watch<Example>().toString());
      }
    );
  }
  ```

If none of these solutions work, consider asking for help on StackOverflow:
https://stackoverflow.com/questions/tagged/flutter

The relevant error-causing widget was:
  GameView
  GameView:file:///C:/code/Flutter/practicas/flutter_games/echo_world/test/game/view/game_page_test.dart:128:34

When the exception was thrown, this was the stack:
#0      Provider._inheritedElementOf (package:provider/src/provider.dart:377:7)
#1      Provider.of (package:provider/src/provider.dart:327:30)
#2      ReadContext.read (package:provider/src/provider.dart:683:21)
#3      _BlocListenerBaseState.initState (package:flutter_bloc/src/bloc_listener.dart:158:36)
#4      StatefulElement._firstBuild (package:flutter/src/widgets/framework.dart:5852:55)
#5      ComponentElement.mount (package:flutter/src/widgets/framework.dart:5699:5)
#6      SingleChildWidgetElementMixin.mount (package:nested/nested.dart:222:11)
...     Normal element mounting (57 frames)
#63     _InheritedProviderScopeElement.mount (package:provider/src/inherited_provider.dart:424:11)
...     Normal element mounting (7 frames)
#70     SingleChildWidgetElementMixin.mount (package:nested/nested.dart:222:11)
...     Normal element mounting (7 frames)
#77     SingleChildWidgetElementMixin.mount (package:nested/nested.dart:222:11)
...     Normal element mounting (228 frames)
#305    Element.inflateWidget (package:flutter/src/widgets/framework.dart:4548:16)
#306    MultiChildRenderObjectElement.inflateWidget (package:flutter/src/widgets/framework.dart:7169:36)
#307    MultiChildRenderObjectElement.mount (package:flutter/src/widgets/framework.dart:7185:32)
...     Normal element mounting (471 frames)
#778    _InheritedProviderScopeElement.mount (package:provider/src/inherited_provider.dart:424:11)
...     Normal element mounting (7 frames)
#785    SingleChildWidgetElementMixin.mount (package:nested/nested.dart:222:11)
...     Normal element mounting (7 frames)
#792    SingleChildWidgetElementMixin.mount (package:nested/nested.dart:222:11)
...     Normal element mounting (7 frames)
#799    _NestedHookElement.mount (package:nested/nested.dart:187:11)
...     Normal element mounting (7 frames)
#806    SingleChildWidgetElementMixin.mount (package:nested/nested.dart:222:11)
#807    Element.inflateWidget (package:flutter/src/widgets/framework.dart:4548:16)
#808    Element.updateChild (package:flutter/src/widgets/framework.dart:3998:20)
#809    ComponentElement.performRebuild (package:flutter/src/widgets/framework.dart:5747:16)
#810    Element.rebuild (package:flutter/src/widgets/framework.dart:5435:7)
#811    ProxyElement.update (package:flutter/src/widgets/framework.dart:6051:5)
#812    _InheritedNotifierElement.update (package:flutter/src/widgets/inherited_notifier.dart:108:11)
#813    Element.updateChild (package:flutter/src/widgets/framework.dart:3982:15)
#814    ComponentElement.performRebuild (package:flutter/src/widgets/framework.dart:5747:16)
#815    StatefulElement.performRebuild (package:flutter/src/widgets/framework.dart:5884:11)
#816    Element.rebuild (package:flutter/src/widgets/framework.dart:5435:7)
#817    StatefulElement.update (package:flutter/src/widgets/framework.dart:5909:5)
#818    Element.updateChild (package:flutter/src/widgets/framework.dart:3982:15)
#819    ComponentElement.performRebuild (package:flutter/src/widgets/framework.dart:5747:16)
#820    Element.rebuild (package:flutter/src/widgets/framework.dart:5435:7)
#821    ProxyElement.update (package:flutter/src/widgets/framework.dart:6051:5)
#822    _InheritedNotifierElement.update (package:flutter/src/widgets/inherited_notifier.dart:108:11)
#823    Element.updateChild (package:flutter/src/widgets/framework.dart:3982:15)
#824    ComponentElement.performRebuild (package:flutter/src/widgets/framework.dart:5747:16)
#825    StatefulElement.performRebuild (package:flutter/src/widgets/framework.dart:5884:11)
#826    Element.rebuild (package:flutter/src/widgets/framework.dart:5435:7)
#827    StatefulElement.update (package:flutter/src/widgets/framework.dart:5909:5)
#828    Element.updateChild (package:flutter/src/widgets/framework.dart:3982:15)
#829    ComponentElement.performRebuild (package:flutter/src/widgets/framework.dart:5747:16)
#830    StatefulElement.performRebuild (package:flutter/src/widgets/framework.dart:5884:11)
#831    Element.rebuild (package:flutter/src/widgets/framework.dart:5435:7)
#832    StatefulElement.update (package:flutter/src/widgets/framework.dart:5909:5)
#833    Element.updateChild (package:flutter/src/widgets/framework.dart:3982:15)
#834    ComponentElement.performRebuild (package:flutter/src/widgets/framework.dart:5747:16)
#835    Element.rebuild (package:flutter/src/widgets/framework.dart:5435:7)
#836    ProxyElement.update (package:flutter/src/widgets/framework.dart:6051:5)
#837    Element.updateChild (package:flutter/src/widgets/framework.dart:3982:15)
#838    ComponentElement.performRebuild (package:flutter/src/widgets/framework.dart:5747:16)
#839    StatefulElement.performRebuild (package:flutter/src/widgets/framework.dart:5884:11)
#840    Element.rebuild (package:flutter/src/widgets/framework.dart:5435:7)
#841    StatefulElement.update (package:flutter/src/widgets/framework.dart:5909:5)
#842    Element.updateChild (package:flutter/src/widgets/framework.dart:3982:15)
#843    ComponentElement.performRebuild (package:flutter/src/widgets/framework.dart:5747:16)
#844    Element.rebuild (package:flutter/src/widgets/framework.dart:5435:7)
#845    ProxyElement.update (package:flutter/src/widgets/framework.dart:6051:5)
#846    Element.updateChild (package:flutter/src/widgets/framework.dart:3982:15)
#847    ComponentElement.performRebuild (package:flutter/src/widgets/framework.dart:5747:16)
#848    Element.rebuild (package:flutter/src/widgets/framework.dart:5435:7)
#849    ProxyElement.update (package:flutter/src/widgets/framework.dart:6051:5)
#850    Element.updateChild (package:flutter/src/widgets/framework.dart:3982:15)
#851    _RawViewElement._updateChild (package:flutter/src/widgets/view.dart:481:16)
#852    _RawViewElement.update (package:flutter/src/widgets/view.dart:568:5)
#853    Element.updateChild (package:flutter/src/widgets/framework.dart:3982:15)
#854    ComponentElement.performRebuild (package:flutter/src/widgets/framework.dart:5747:16)
#855    Element.rebuild (package:flutter/src/widgets/framework.dart:5435:7)
#856    StatelessElement.update (package:flutter/src/widgets/framework.dart:5797:5)
#857    Element.updateChild (package:flutter/src/widgets/framework.dart:3982:15)
#858    ComponentElement.performRebuild (package:flutter/src/widgets/framework.dart:5747:16)
#859    StatefulElement.performRebuild (package:flutter/src/widgets/framework.dart:5884:11)
#860    Element.rebuild (package:flutter/src/widgets/framework.dart:5435:7)
#861    StatefulElement.update (package:flutter/src/widgets/framework.dart:5909:5)
#862    Element.updateChild (package:flutter/src/widgets/framework.dart:3982:15)
#863    RootElement._rebuild (package:flutter/src/widgets/binding.dart:1716:16)
#864    RootElement.update (package:flutter/src/widgets/binding.dart:1694:5)
#865    RootElement.performRebuild (package:flutter/src/widgets/binding.dart:1708:7)
#866    Element.rebuild (package:flutter/src/widgets/framework.dart:5435:7)
#867    BuildScope._tryRebuild (package:flutter/src/widgets/framework.dart:2695:15)
#868    BuildScope._flushDirtyElements (package:flutter/src/widgets/framework.dart:2752:11)
#869    BuildOwner.buildScope (package:flutter/src/widgets/framework.dart:3056:18)
#870    AutomatedTestWidgetsFlutterBinding.drawFrame (package:flutter_test/src/binding.dart:1506:19)
#871    RendererBinding._handlePersistentFrameCallback (package:flutter/src/rendering/binding.dart:495:5)
#872    SchedulerBinding._invokeFrameCallback (package:flutter/src/scheduler/binding.dart:1434:15)
#873    SchedulerBinding.handleDrawFrame (package:flutter/src/scheduler/binding.dart:1347:9)
#874    AutomatedTestWidgetsFlutterBinding.pump.<anonymous closure> (package:flutter_test/src/binding.dart:1335:9)
#877    TestAsyncUtils.guard (package:flutter_test/src/test_async_utils.dart:74:41)
#878    AutomatedTestWidgetsFlutterBinding.pump (package:flutter_test/src/binding.dart:1324:27)
#879    WidgetTester.pumpWidget.<anonymous closure> (package:flutter_test/src/widget_tester.dart:598:22)
#882    TestAsyncUtils.guard (package:flutter_test/src/test_async_utils.dart:74:41)
#883    WidgetTester.pumpWidget (package:flutter_test/src/widget_tester.dart:595:27)
#884    PumpApp.pumpApp (file:///C:/code/Flutter/practicas/flutter_games/echo_world/test/helpers/pump_app.dart:18:12)
#885    main.<anonymous closure>.<anonymous closure> (file:///C:/code/Flutter/practicas/flutter_games/echo_world/test/game/view/game_page_test.dart:125:20)
#886    testWidgets.<anonymous closure>.<anonymous closure> (package:flutter_test/src/widget_tester.dart:192:29)
<asynchronous suspension>
#887    TestWidgetsFlutterBinding._runTestBody (package:flutter_test/src/binding.dart:1059:5)
<asynchronous suspension>
<asynchronous suspension>
(elided 5 frames from dart:async and package:stack_trace)

════════════════════════════════════════════════════════════════════════════════════════════════════
══╡ EXCEPTION CAUGHT BY FLUTTER TEST FRAMEWORK ╞════════════════════════════════════════════════════
The following TestFailure was thrown running a test:
Expected: exactly one matching candidate
  Actual: _IconWidgetFinder:<Found 0 widgets with icon "IconData(U+0E6C5)": []>
   Which: means none were found but one was expected

When the exception was thrown, this was the stack:
#4      main.<anonymous closure>.<anonymous closure> (file:///C:/code/Flutter/practicas/flutter_games/echo_world/test/game/view/game_page_test.dart:132:7)
<asynchronous suspension>
#5      testWidgets.<anonymous closure>.<anonymous closure> (package:flutter_test/src/widget_tester.dart:192:15)
<asynchronous suspension>
#6      TestWidgetsFlutterBinding._runTestBody (package:flutter_test/src/binding.dart:1059:5)
<asynchronous suspension>
<asynchronous suspension>
(elided one frame from package:stack_trace)

This was caught by the test expectation on the following line:
  file:///C:/code/Flutter/practicas/flutter_games/echo_world/test/game/view/game_page_test.dart line 132
The test description was:
  toggles mute button correctly
════════════════════════════════════════════════════════════════════════════════════════════════════
══╡ EXCEPTION CAUGHT BY FLUTTER TEST FRAMEWORK ╞════════════════════════════════════════════════════
The following message was thrown:
Multiple exceptions (3) were detected during the running of the current test, and at least one was
unexpected.
════════════════════════════════════════════════════════════════════════════════════════════════════
00:10 +10 -7: C:/code/Flutter/practicas/flutter_games/echo_world/test/loading/view/loading_page_test.dart: LoadingPage basic layout
00:10 +10 -7: C:/code/Flutter/practicas/flutter_games/echo_world/test/game/view/game_page_test.dart: GameView toggles mute button correctly [E]
  Test failed. See exception logs above.
  The test description was: toggles mute button correctly
  
00:10 +10 -7: C:/code/Flutter/practicas/flutter_games/echo_world/test/game/view/game_page_test.dart: GameView calls correct method based on state
══╡ EXCEPTION CAUGHT BY WIDGETS LIBRARY ╞═══════════════════════════════════════════════════════════
The following ProviderNotFoundException was thrown building GameView(state: _GameViewState#86838):
Error: Could not find the correct Provider<GameBloc> above this BlocListener<GameBloc, GameState>
Widget

This happens because you used a `BuildContext` that does not include the provider
of your choice. There are a few common scenarios:

- You added a new provider in your `main.dart` and performed a hot-reload.
  To fix, perform a hot-restart.

- The provider you are trying to read is in a different route.

  Providers are "scoped". So if you insert of provider inside a route, then
  other routes will not be able to access that provider.

- You used a `BuildContext` that is an ancestor of the provider you are trying to read.

  Make sure that BlocListener<GameBloc, GameState> is under your MultiProvider/Provider<GameBloc>.
  This usually happens when you are creating a provider and trying to read it immediately.

  For example, instead of:

  ```
  Widget build(BuildContext context) {
    return Provider<Example>(
      create: (_) => Example(),
      // Will throw a ProviderNotFoundError, because `context` is associated
      // to the widget that is the parent of `Provider<Example>`
      child: Text(context.watch<Example>().toString()),
    );
  }
  ```

  consider using `builder` like so:

  ```
  Widget build(BuildContext context) {
    return Provider<Example>(
      create: (_) => Example(),
      // we use `builder` to obtain a new `BuildContext` that has access to the provider
      builder: (context, child) {
        // No longer throws
        return Text(context.watch<Example>().toString());
      }
    );
  }
  ```

If none of these solutions work, consider asking for help on StackOverflow:
https://stackoverflow.com/questions/tagged/flutter

The relevant error-causing widget was:
  GameView
  GameView:file:///C:/code/Flutter/practicas/flutter_games/echo_world/test/game/view/game_page_test.dart:154:34

When the exception was thrown, this was the stack:
#0      Provider._inheritedElementOf (package:provider/src/provider.dart:377:7)
#1      Provider.of (package:provider/src/provider.dart:327:30)
#2      ReadContext.read (package:provider/src/provider.dart:683:21)
#3      _BlocListenerBaseState.initState (package:flutter_bloc/src/bloc_listener.dart:158:36)
#4      StatefulElement._firstBuild (package:flutter/src/widgets/framework.dart:5852:55)
#5      ComponentElement.mount (package:flutter/src/widgets/framework.dart:5699:5)
#6      SingleChildWidgetElementMixin.mount (package:nested/nested.dart:222:11)
...     Normal element mounting (57 frames)
#63     _InheritedProviderScopeElement.mount (package:provider/src/inherited_provider.dart:424:11)
...     Normal element mounting (7 frames)
#70     SingleChildWidgetElementMixin.mount (package:nested/nested.dart:222:11)
...     Normal element mounting (7 frames)
#77     SingleChildWidgetElementMixin.mount (package:nested/nested.dart:222:11)
...     Normal element mounting (228 frames)
#305    Element.inflateWidget (package:flutter/src/widgets/framework.dart:4548:16)
#306    MultiChildRenderObjectElement.inflateWidget (package:flutter/src/widgets/framework.dart:7169:36)
#307    MultiChildRenderObjectElement.mount (package:flutter/src/widgets/framework.dart:7185:32)
...     Normal element mounting (471 frames)
#778    _InheritedProviderScopeElement.mount (package:provider/src/inherited_provider.dart:424:11)
...     Normal element mounting (7 frames)
#785    SingleChildWidgetElementMixin.mount (package:nested/nested.dart:222:11)
...     Normal element mounting (7 frames)
#792    SingleChildWidgetElementMixin.mount (package:nested/nested.dart:222:11)
...     Normal element mounting (7 frames)
#799    _NestedHookElement.mount (package:nested/nested.dart:187:11)
...     Normal element mounting (7 frames)
#806    SingleChildWidgetElementMixin.mount (package:nested/nested.dart:222:11)
#807    Element.inflateWidget (package:flutter/src/widgets/framework.dart:4548:16)
#808    Element.updateChild (package:flutter/src/widgets/framework.dart:3998:20)
#809    ComponentElement.performRebuild (package:flutter/src/widgets/framework.dart:5747:16)
#810    Element.rebuild (package:flutter/src/widgets/framework.dart:5435:7)
#811    ProxyElement.update (package:flutter/src/widgets/framework.dart:6051:5)
#812    _InheritedNotifierElement.update (package:flutter/src/widgets/inherited_notifier.dart:108:11)
#813    Element.updateChild (package:flutter/src/widgets/framework.dart:3982:15)
#814    ComponentElement.performRebuild (package:flutter/src/widgets/framework.dart:5747:16)
#815    StatefulElement.performRebuild (package:flutter/src/widgets/framework.dart:5884:11)
#816    Element.rebuild (package:flutter/src/widgets/framework.dart:5435:7)
#817    StatefulElement.update (package:flutter/src/widgets/framework.dart:5909:5)
#818    Element.updateChild (package:flutter/src/widgets/framework.dart:3982:15)
#819    ComponentElement.performRebuild (package:flutter/src/widgets/framework.dart:5747:16)
#820    Element.rebuild (package:flutter/src/widgets/framework.dart:5435:7)
#821    ProxyElement.update (package:flutter/src/widgets/framework.dart:6051:5)
#822    _InheritedNotifierElement.update (package:flutter/src/widgets/inherited_notifier.dart:108:11)
#823    Element.updateChild (package:flutter/src/widgets/framework.dart:3982:15)
#824    ComponentElement.performRebuild (package:flutter/src/widgets/framework.dart:5747:16)
#825    StatefulElement.performRebuild (package:flutter/src/widgets/framework.dart:5884:11)
#826    Element.rebuild (package:flutter/src/widgets/framework.dart:5435:7)
#827    StatefulElement.update (package:flutter/src/widgets/framework.dart:5909:5)
#828    Element.updateChild (package:flutter/src/widgets/framework.dart:3982:15)
#829    ComponentElement.performRebuild (package:flutter/src/widgets/framework.dart:5747:16)
#830    StatefulElement.performRebuild (package:flutter/src/widgets/framework.dart:5884:11)
#831    Element.rebuild (package:flutter/src/widgets/framework.dart:5435:7)
#832    StatefulElement.update (package:flutter/src/widgets/framework.dart:5909:5)
#833    Element.updateChild (package:flutter/src/widgets/framework.dart:3982:15)
#834    ComponentElement.performRebuild (package:flutter/src/widgets/framework.dart:5747:16)
#835    Element.rebuild (package:flutter/src/widgets/framework.dart:5435:7)
#836    ProxyElement.update (package:flutter/src/widgets/framework.dart:6051:5)
#837    Element.updateChild (package:flutter/src/widgets/framework.dart:3982:15)
#838    ComponentElement.performRebuild (package:flutter/src/widgets/framework.dart:5747:16)
#839    StatefulElement.performRebuild (package:flutter/src/widgets/framework.dart:5884:11)
#840    Element.rebuild (package:flutter/src/widgets/framework.dart:5435:7)
#841    StatefulElement.update (package:flutter/src/widgets/framework.dart:5909:5)
#842    Element.updateChild (package:flutter/src/widgets/framework.dart:3982:15)
#843    ComponentElement.performRebuild (package:flutter/src/widgets/framework.dart:5747:16)
#844    Element.rebuild (package:flutter/src/widgets/framework.dart:5435:7)
#845    ProxyElement.update (package:flutter/src/widgets/framework.dart:6051:5)
#846    Element.updateChild (package:flutter/src/widgets/framework.dart:3982:15)
#847    ComponentElement.performRebuild (package:flutter/src/widgets/framework.dart:5747:16)
#848    Element.rebuild (package:flutter/src/widgets/framework.dart:5435:7)
#849    ProxyElement.update (package:flutter/src/widgets/framework.dart:6051:5)
#850    Element.updateChild (package:flutter/src/widgets/framework.dart:3982:15)
#851    _RawViewElement._updateChild (package:flutter/src/widgets/view.dart:481:16)
#852    _RawViewElement.update (package:flutter/src/widgets/view.dart:568:5)
#853    Element.updateChild (package:flutter/src/widgets/framework.dart:3982:15)
#854    ComponentElement.performRebuild (package:flutter/src/widgets/framework.dart:5747:16)
#855    Element.rebuild (package:flutter/src/widgets/framework.dart:5435:7)
#856    StatelessElement.update (package:flutter/src/widgets/framework.dart:5797:5)
#857    Element.updateChild (package:flutter/src/widgets/framework.dart:3982:15)
#858    ComponentElement.performRebuild (package:flutter/src/widgets/framework.dart:5747:16)
#859    StatefulElement.performRebuild (package:flutter/src/widgets/framework.dart:5884:11)
#860    Element.rebuild (package:flutter/src/widgets/framework.dart:5435:7)
#861    StatefulElement.update (package:flutter/src/widgets/framework.dart:5909:5)
#862    Element.updateChild (package:flutter/src/widgets/framework.dart:3982:15)
#863    RootElement._rebuild (package:flutter/src/widgets/binding.dart:1716:16)
#864    RootElement.update (package:flutter/src/widgets/binding.dart:1694:5)
#865    RootElement.performRebuild (package:flutter/src/widgets/binding.dart:1708:7)
#866    Element.rebuild (package:flutter/src/widgets/framework.dart:5435:7)
#867    BuildScope._tryRebuild (package:flutter/src/widgets/framework.dart:2695:15)
#868    BuildScope._flushDirtyElements (package:flutter/src/widgets/framework.dart:2752:11)
#869    BuildOwner.buildScope (package:flutter/src/widgets/framework.dart:3056:18)
#870    AutomatedTestWidgetsFlutterBinding.drawFrame (package:flutter_test/src/binding.dart:1506:19)
#871    RendererBinding._handlePersistentFrameCallback (package:flutter/src/rendering/binding.dart:495:5)
#872    SchedulerBinding._invokeFrameCallback (package:flutter/src/scheduler/binding.dart:1434:15)
#873    SchedulerBinding.handleDrawFrame (package:flutter/src/scheduler/binding.dart:1347:9)
#874    AutomatedTestWidgetsFlutterBinding.pump.<anonymous closure> (package:flutter_test/src/binding.dart:1335:9)
#877    TestAsyncUtils.guard (package:flutter_test/src/test_async_utils.dart:74:41)
#878    AutomatedTestWidgetsFlutterBinding.pump (package:flutter_test/src/binding.dart:1324:27)
#879    WidgetTester.pumpWidget.<anonymous closure> (package:flutter_test/src/widget_tester.dart:598:22)
#882    TestAsyncUtils.guard (package:flutter_test/src/test_async_utils.dart:74:41)
#883    WidgetTester.pumpWidget (package:flutter_test/src/widget_tester.dart:595:27)
#884    PumpApp.pumpApp (file:///C:/code/Flutter/practicas/flutter_games/echo_world/test/helpers/pump_app.dart:18:12)
#885    main.<anonymous closure>.<anonymous closure> (file:///C:/code/Flutter/practicas/flutter_games/echo_world/test/game/view/game_page_test.dart:151:20)
#886    testWidgets.<anonymous closure>.<anonymous closure> (package:flutter_test/src/widget_tester.dart:192:29)
<asynchronous suspension>
#887    TestWidgetsFlutterBinding._runTestBody (package:flutter_test/src/binding.dart:1059:5)
<asynchronous suspension>
<asynchronous suspension>
(elided 5 frames from dart:async and package:stack_trace)

════════════════════════════════════════════════════════════════════════════════════════════════════
══╡ EXCEPTION CAUGHT BY FLUTTER TEST FRAMEWORK ╞════════════════════════════════════════════════════
The following assertion was thrown running a test:
The finder "Found 0 widgets with icon "IconData(U+0E6C5)": []" (used in a call to "tap()") could not
find any matching widgets.

When the exception was thrown, this was the stack:
#0      WidgetController._getElementPoint (package:flutter_test/src/controller.dart:2009:7)
#1      WidgetController.getCenter (package:flutter_test/src/controller.dart:1861:12)
#2      WidgetController.tap (package:flutter_test/src/controller.dart:1041:7)
#3      main.<anonymous closure>.<anonymous closure> (file:///C:/code/Flutter/practicas/flutter_games/echo_world/test/game/view/game_page_test.dart:158:20)
<asynchronous suspension>
#4      testWidgets.<anonymous closure>.<anonymous closure> (package:flutter_test/src/widget_tester.dart:192:15)
<asynchronous suspension>
#5      TestWidgetsFlutterBinding._runTestBody (package:flutter_test/src/binding.dart:1059:5)
<asynchronous suspension>
<asynchronous suspension>
(elided one frame from package:stack_trace)

The test description was:
  calls correct method based on state
════════════════════════════════════════════════════════════════════════════════════════════════════
══╡ EXCEPTION CAUGHT BY FLUTTER TEST FRAMEWORK ╞════════════════════════════════════════════════════
The following message was thrown:
Multiple exceptions (2) were detected during the running of the current test, and at least one was
unexpected.
════════════════════════════════════════════════════════════════════════════════════════════════════
00:10 +10 -8: C:/code/Flutter/practicas/flutter_games/echo_world/test/loading/view/loading_page_test.dart: LoadingPage basic layout
00:10 +10 -8: C:/code/Flutter/practicas/flutter_games/echo_world/test/game/view/game_page_test.dart: GameView calls correct method based on state [E]
  Test failed. See exception logs above.
  The test description was: calls correct method based on state
  
00:10 +10 -8: C:/code/Flutter/practicas/flutter_games/echo_world/test/loading/view/loading_page_test.dart: LoadingPage basic layout
00:10 +11 -8: C:/code/Flutter/practicas/flutter_games/echo_world/test/title/view/title_page_test.dart: TitlePage renders TitleView
00:10 +12 -8: C:/code/Flutter/practicas/flutter_games/echo_world/test/title/view/title_page_test.dart: TitlePage renders TitleView
00:10 +13 -8: C:/code/Flutter/practicas/flutter_games/echo_world/test/loading/view/loading_page_test.dart: LoadingPage redirects after loading
00:10 +14 -8: C:/code/Flutter/practicas/flutter_games/echo_world/test/title/view/title_page_test.dart: TitleView renders start button
══╡ EXCEPTION CAUGHT BY FLUTTER TEST FRAMEWORK ╞════════════════════════════════════════════════════
The following TestFailure was thrown running a test:
Expected: exactly one matching candidate
  Actual: _TypeWidgetFinder:<Found 2 widgets with type "ElevatedButton": [
            ElevatedButton(style: ButtonStyle#98467(textStyle: WidgetStatePropertyAll(null),
backgroundColor: WidgetStateMapper<Color?>({WidgetState.disabled: null, WidgetState.any:
Color(alpha: 1.0000, red: 0.0000, green: 1.0000, blue: 1.0000, colorSpace: ColorSpace.sRGB)}),
foregroundColor: WidgetStateMapper<Color?>({WidgetState.disabled: null, WidgetState.any:
Color(alpha: 1.0000, red: 0.0000, green: 0.0000, blue: 0.0000, colorSpace: ColorSpace.sRGB)}),
overlayColor: WidgetStateMapper<Color?>({WidgetState.pressed: Color(alpha: 0.1020, red: 0.0000,
green: 0.0000, blue: 0.0000, colorSpace: ColorSpace.sRGB), WidgetState.hovered: Color(alpha: 0.0784,
red: 0.0000, green: 0.0000, blue: 0.0000, colorSpace: ColorSpace.sRGB), WidgetState.focused:
Color(alpha: 0.1020, red: 0.0000, green: 0.0000, blue: 0.0000, colorSpace: ColorSpace.sRGB)}),
mouseCursor: WidgetStateMapper<MouseCursor?>({WidgetState.disabled: null, WidgetState.any: null})),
dependencies: [IconTheme, InheritedCupertinoTheme, MediaQuery, _InheritedTheme,
_LocalizationsScope-[GlobalKey#c11a2]], state: _ButtonStyleState#0f498),
            ElevatedButton(style: ButtonStyle#60343(textStyle: WidgetStatePropertyAll(null),
backgroundColor: WidgetStateMapper<Color?>({WidgetState.disabled: null, WidgetState.any:
Color(alpha: 1.0000, red: 0.1020, green: 0.1020, blue: 0.1020, colorSpace: ColorSpace.sRGB)}),
foregroundColor: WidgetStateMapper<Color?>({WidgetState.disabled: null, WidgetState.any:
Color(alpha: 1.0000, red: 0.0000, green: 1.0000, blue: 1.0000, colorSpace: ColorSpace.sRGB)}),
overlayColor: WidgetStateMapper<Color?>({WidgetState.pressed: Color(alpha: 0.1020, red: 0.0000,
green: 1.0000, blue: 1.0000, colorSpace: ColorSpace.sRGB), WidgetState.hovered: Color(alpha: 0.0784,
red: 0.0000, green: 1.0000, blue: 1.0000, colorSpace: ColorSpace.sRGB), WidgetState.focused:
Color(alpha: 0.1020, red: 0.0000, green: 1.0000, blue: 1.0000, colorSpace: ColorSpace.sRGB)}), side:
WidgetStatePropertyAll(BorderSide(color: Color(alpha: 1.0000, red: 0.0000, green: 1.0000, blue:
1.0000, colorSpace: ColorSpace.sRGB), width: 2.0)), mouseCursor:
WidgetStateMapper<MouseCursor?>({WidgetState.disabled: null, WidgetState.any: null})), dependencies:
[IconTheme, InheritedCupertinoTheme, MediaQuery, _InheritedTheme,
_LocalizationsScope-[GlobalKey#c11a2]], state: _ButtonStyleState#ad1ad),
          ]>
   Which: is too many

When the exception was thrown, this was the stack:
#4      main.<anonymous closure>.<anonymous closure> (file:///C:/code/Flutter/practicas/flutter_games/echo_world/test/title/view/title_page_test.dart:20:7)
<asynchronous suspension>
#5      testWidgets.<anonymous closure>.<anonymous closure> (package:flutter_test/src/widget_tester.dart:192:15)
<asynchronous suspension>
#6      TestWidgetsFlutterBinding._runTestBody (package:flutter_test/src/binding.dart:1059:5)
<asynchronous suspension>
<asynchronous suspension>
(elided one frame from package:stack_trace)

This was caught by the test expectation on the following line:
  file:///C:/code/Flutter/practicas/flutter_games/echo_world/test/title/view/title_page_test.dart line 20
The test description was:
  renders start button
════════════════════════════════════════════════════════════════════════════════════════════════════
00:11 +14 -9: C:/code/Flutter/practicas/flutter_games/echo_world/test/title/view/title_page_test.dart: TitleView renders start button [E]
  Test failed. See exception logs above.
  The test description was: renders start button
  
00:11 +14 -9: C:/code/Flutter/practicas/flutter_games/echo_world/test/title/view/title_page_test.dart: TitleView starts the game when start button is tapped
══╡ EXCEPTION CAUGHT BY FLUTTER TEST FRAMEWORK ╞════════════════════════════════════════════════════
The following assertion was thrown running a test:
The finder "Found 2 widgets with type "ElevatedButton": [
  ElevatedButton(style: ButtonStyle#98467(textStyle: WidgetStatePropertyAll(null), backgroundColor:
WidgetStateMapper<Color?>({WidgetState.disabled: null, WidgetState.any: Color(alpha: 1.0000, red:
0.0000, green: 1.0000, blue: 1.0000, colorSpace: ColorSpace.sRGB)}), foregroundColor:
WidgetStateMapper<Color?>({WidgetState.disabled: null, WidgetState.any: Color(alpha: 1.0000, red:
0.0000, green: 0.0000, blue: 0.0000, colorSpace: ColorSpace.sRGB)}), overlayColor:
WidgetStateMapper<Color?>({WidgetState.pressed: Color(alpha: 0.1020, red: 0.0000, green: 0.0000,
blue: 0.0000, colorSpace: ColorSpace.sRGB), WidgetState.hovered: Color(alpha: 0.0784, red: 0.0000,
green: 0.0000, blue: 0.0000, colorSpace: ColorSpace.sRGB), WidgetState.focused: Color(alpha: 0.1020,
red: 0.0000, green: 0.0000, blue: 0.0000, colorSpace: ColorSpace.sRGB)}), mouseCursor:
WidgetStateMapper<MouseCursor?>({WidgetState.disabled: null, WidgetState.any: null})), dependencies:
[IconTheme, InheritedCupertinoTheme, MediaQuery, _InheritedTheme,
_LocalizationsScope-[GlobalKey#0f70f]], state: _ButtonStyleState#6e81a),
  ElevatedButton(style: ButtonStyle#60343(textStyle: WidgetStatePropertyAll(null), backgroundColor:
WidgetStateMapper<Color?>({WidgetState.disabled: null, WidgetState.any: Color(alpha: 1.0000, red:
0.1020, green: 0.1020, blue: 0.1020, colorSpace: ColorSpace.sRGB)}), foregroundColor:
WidgetStateMapper<Color?>({WidgetState.disabled: null, WidgetState.any: Color(alpha: 1.0000, red:
0.0000, green: 1.0000, blue: 1.0000, colorSpace: ColorSpace.sRGB)}), overlayColor:
WidgetStateMapper<Color?>({WidgetState.pressed: Color(alpha: 0.1020, red: 0.0000, green: 1.0000,
blue: 1.0000, colorSpace: ColorSpace.sRGB), WidgetState.hovered: Color(alpha: 0.0784, red: 0.0000,
green: 1.0000, blue: 1.0000, colorSpace: ColorSpace.sRGB), WidgetState.focused: Color(alpha: 0.1020,
red: 0.0000, green: 1.0000, blue: 1.0000, colorSpace: ColorSpace.sRGB)}), side:
WidgetStatePropertyAll(BorderSide(color: Color(alpha: 1.0000, red: 0.0000, green: 1.0000, blue:
1.0000, colorSpace: ColorSpace.sRGB), width: 2.0)), mouseCursor:
WidgetStateMapper<MouseCursor?>({WidgetState.disabled: null, WidgetState.any: null})), dependencies:
[IconTheme, InheritedCupertinoTheme, MediaQuery, _InheritedTheme,
_LocalizationsScope-[GlobalKey#0f70f]], state: _ButtonStyleState#e1dc5),
]" (used in a call to "tap()") ambiguously found multiple matching widgets. The "tap()" method needs
a single target.

When the exception was thrown, this was the stack:
#0      WidgetController._getElementPoint (package:flutter_test/src/controller.dart:2014:7)
#1      WidgetController.getCenter (package:flutter_test/src/controller.dart:1861:12)
#2      WidgetController.tap (package:flutter_test/src/controller.dart:1041:7)
#3      main.<anonymous closure>.<anonymous closure> (file:///C:/code/Flutter/practicas/flutter_games/echo_world/test/title/view/title_page_test.dart:32:20)
<asynchronous suspension>
#4      testWidgets.<anonymous closure>.<anonymous closure> (package:flutter_test/src/widget_tester.dart:192:15)
<asynchronous suspension>
#5      TestWidgetsFlutterBinding._runTestBody (package:flutter_test/src/binding.dart:1059:5)
<asynchronous suspension>
<asynchronous suspension>
(elided one frame from package:stack_trace)

The test description was:
  starts the game when start button is tapped
════════════════════════════════════════════════════════════════════════════════════════════════════
00:11 +14 -10: C:/code/Flutter/practicas/flutter_games/echo_world/test/title/view/title_page_test.dart: TitleView starts the game when start button is tapped [E]
  Test failed. See exception logs above.
  The test description was: starts the game when start button is tapped
  
00:11 +14 -10: Some tests failed.
